{"commitInfo":{"timestamp":1752013812293,"operation":"WRITE","operationParameters":{"mode":"Append","partitionBy":"[]"},"readVersion":7,"isolationLevel":"Serializable","isBlindAppend":true,"operationMetrics":{"numFiles":"2","numOutputRows":"10","numOutputBytes":"1007"},"engineInfo":"Apache-Spark/3.5.3 Delta-Lake/3.4.0-SNAPSHOT","txnId":"52f0e2e3-71bb-4d3a-816a-40fcbccf5326"}}
{"add":{"path":"part-00000-24d7f48b-c0c4-4363-a208-2a6417e19022-c000.snappy.parquet","partitionValues":{},"size":503,"modificationTime":1752013812265,"dataChange":true,"stats":"{\"numRecords\":5,\"minValues\":{\"id\":80},\"maxValues\":{\"id\":84},\"nullCount\":{\"id\":0}}"}}
{"add":{"path":"part-00001-4014c89a-e2c8-44ea-8421-86d80922ed3d-c000.snappy.parquet","partitionValues":{},"size":504,"modificationTime":1752013812285,"dataChange":true,"stats":"{\"numRecords\":5,\"minValues\":{\"id\":85},\"maxValues\":{\"id\":89},\"nullCount\":{\"id\":0}}"}}
