{"commitInfo":{"timestamp":1712333988110,"operation":"CREATE TABLE","operationParameters":{"partitionBy":"[\"tsNtzPartition\"]","clusterBy":"[]","description":null,"isManaged":"false","properties":"{}"},"isolationLevel":"Serializable","isBlindAppend":true,"operationMetrics":{},"engineInfo":"Apache-Spark/3.5.0 Delta-Lake/3.2.0-SNAPSHOT","txnId":"fecbfd56-6849-421b-8439-070f0d694787"}}
{"metaData":{"id":"testId","format":{"provider":"parquet","options":{}},"schemaString":"{\"type\":\"struct\",\"fields\":[{\"name\":\"id\",\"type\":\"integer\",\"nullable\":true,\"metadata\":{}},{\"name\":\"tsNtz\",\"type\":\"timestamp_ntz\",\"nullable\":true,\"metadata\":{}},{\"name\":\"tsNtzPartition\",\"type\":\"timestamp_ntz\",\"nullable\":true,\"metadata\":{}}]}","partitionColumns":["tsNtzPartition"],"configuration":{},"createdTime":1712333987987}}
{"protocol":{"minReaderVersion":3,"minWriterVersion":7,"readerFeatures":["timestampNtz"],"writerFeatures":["timestampNtz"]}}
