{"commitInfo":{"timestamp":1704847172421,"operation":"WRITE","operationParameters":{"mode":"Append","partitionBy":"[]"},"isolationLevel":"Serializable","isBlindAppend":true,"operationMetrics":{"numFiles":"2","numOutputRows":"1","numOutputBytes":"3865"},"engineInfo":"Apache-Spark/3.5.0 Delta-Lake/3.1.0-SNAPSHOT","txnId":"a56746fa-7289-4e45-8f2d-83c31b34d932"}}
{"metaData":{"id":"testId","format":{"provider":"parquet","options":{}},"schemaString":"{\"type\":\"struct\",\"fields\":[{\"name\":\"as_int\",\"type\":\"integer\",\"nullable\":true,\"metadata\":{}},{\"name\":\"as_long\",\"type\":\"long\",\"nullable\":true,\"metadata\":{}},{\"name\":\"as_byte\",\"type\":\"byte\",\"nullable\":true,\"metadata\":{}},{\"name\":\"as_short\",\"type\":\"short\",\"nullable\":true,\"metadata\":{}},{\"name\":\"as_float\",\"type\":\"float\",\"nullable\":true,\"metadata\":{}},{\"name\":\"as_double\",\"type\":\"double\",\"nullable\":true,\"metadata\":{}},{\"name\":\"as_string\",\"type\":\"string\",\"nullable\":true,\"metadata\":{}},{\"name\":\"as_date\",\"type\":\"date\",\"nullable\":true,\"metadata\":{}},{\"name\":\"as_timestamp\",\"type\":\"timestamp\",\"nullable\":true,\"metadata\":{}},{\"name\":\"as_big_decimal\",\"type\":\"decimal(1,0)\",\"nullable\":true,\"metadata\":{}}]}","partitionColumns":[],"configuration":{},"createdTime":1704847166710}}
{"protocol":{"minReaderVersion":1,"minWriterVersion":2}}
{"add":{"path":"part-00001-93fc8b78-4b92-45c7-ad3f-bb766e6d2e28-c000.snappy.parquet","partitionValues":{},"size":2738,"modificationTime":1704847171000,"dataChange":true,"stats":"{\"numRecords\":1,\"minValues\":{\"as_int\":0,\"as_long\":0,\"as_byte\":0,\"as_short\":0,\"as_float\":0.0,\"as_double\":0.0,\"as_string\":\"0\",\"as_date\":\"2000-01-01\",\"as_timestamp\":\"2000-01-01T00:00:00.000-08:00\",\"as_big_decimal\":0},\"maxValues\":{\"as_int\":0,\"as_long\":0,\"as_byte\":0,\"as_short\":0,\"as_float\":0.0,\"as_double\":0.0,\"as_string\":\"0\",\"as_date\":\"2000-01-01\",\"as_timestamp\":\"2000-01-01T00:00:00.000-08:00\",\"as_big_decimal\":0},\"nullCount\":{\"as_int\":0,\"as_long\":0,\"as_byte\":0,\"as_short\":0,\"as_float\":0,\"as_double\":0,\"as_string\":0,\"as_date\":0,\"as_timestamp\":0,\"as_big_decimal\":0}}"}}
