{"commitInfo":{"timestamp":1726521400325,"operation":"WRITE","operationParameters":{"mode":"Append","statsOnLoad":false,"partitionBy":"[]"},"readVersion":0,"isolationLevel":"WriteSerializable","isBlindAppend":true,"operationMetrics":{"numFiles":"1","numOutputRows":"3","numOutputBytes":"499"},"tags":{"noRowsCopied":"true","restoresDeletedRows":"false"},"engineInfo":"Databricks-Runtime/<unknown>","txnId":"9d5eec70-f0e4-4f34-9ea7-790b6a691fe5"}}
{"add":{"path":"test%25file%25prefix-part-00000-e06e387f-dbc2-42e9-b1ed-0e8688743353-c000.snappy.parquet","partitionValues":{},"size":499,"modificationTime":1726521400008,"dataChange":true,"stats":"{\"numRecords\":3,\"minValues\":{\"c1\":\"a\"},\"maxValues\":{\"c1\":\"c\"},\"nullCount\":{\"c1\":0},\"tightBounds\":true,\"statsWithCollation\":{\"icu.UNICODE_CI.153.120.0.0\":{\"minValues\":{\"c1\":\"a\"},\"maxValues\":{\"c1\":\"c\"}}}}","tags":{"INSERTION_TIME":"1726521400008000","MIN_INSERTION_TIME":"1726521400008000","MAX_INSERTION_TIME":"1726521400008000","OPTIMIZE_TARGET_SIZE":"268435456"}}}
