{"commitInfo":{"timestamp":1726521401673,"operation":"WRITE","operationParameters":{"mode":"Append","statsOnLoad":false,"partitionBy":"[]"},"readVersion":2,"isolationLevel":"WriteSerializable","isBlindAppend":true,"operationMetrics":{"numFiles":"1","numOutputRows":"3","numOutputBytes":"475"},"tags":{"noRowsCopied":"true","restoresDeletedRows":"false"},"engineInfo":"Databricks-Runtime/<unknown>","txnId":"4d6b94f9-d743-4b08-898a-e007b05b33fa"}}
{"add":{"path":"test%25file%25prefix-part-00000-b5cb0092-c62b-4d11-80ce-00aad14a801e-c000.snappy.parquet","partitionValues":{},"size":475,"modificationTime":1726521401605,"dataChange":true,"stats":"{\"numRecords\":3,\"minValues\":{},\"maxValues\":{},\"nullCount\":{\"c1\":3},\"tightBounds\":true,\"statsWithCollation\":{\"icu.UNICODE_CI.153.120.0.0\":{\"minValues\":{},\"maxValues\":{}}}}","tags":{"INSERTION_TIME":"1726521401605000","MIN_INSERTION_TIME":"1726521401605000","MAX_INSERTION_TIME":"1726521401605000","OPTIMIZE_TARGET_SIZE":"268435456"}}}
