{"commitInfo":{"timestamp":1727111843932,"operation":"CREATE TABLE","operationParameters":{"partitionBy":"[]","clusterBy":"[]","description":null,"isManaged":"false","properties":"{\"delta.enableDeletionVectors\":\"true\"}","statsOnLoad":false},"isolationLevel":"WriteSerializable","isBlindAppend":true,"operationMetrics":{},"tags":{"restoresDeletedRows":"false"},"engineInfo":"Databricks-Runtime/<unknown>","txnId":"d92bb7d7-1e06-46b4-8c84-fd3b68a30b5b"}}
{"metaData":{"id":"03e91258-268e-49d5-ad70-3cb02d29c1e7","format":{"provider":"parquet","options":{}},"schemaString":"{\"type\":\"struct\",\"fields\":[{\"name\":\"c1\",\"type\":\"string\",\"nullable\":true,\"metadata\":{\"__COLLATIONS\":{\"c1\":\"icu.UNICODE_CI\"}}},{\"name\":\"c2\",\"type\":\"string\",\"nullable\":true,\"metadata\":{}}]}","partitionColumns":[],"configuration":{"delta.enableDeletionVectors":"true"},"createdTime":1727111843058}}
{"protocol":{"minReaderVersion":3,"minWriterVersion":7,"readerFeatures":["deletionVectors"],"writerFeatures":["deletionVectors","collations-dev","appendOnly","invariants"]}}
