{"commitInfo":{"timestamp":1714496109365,"operation":"CREATE TABLE","operationParameters":{"partitionBy":"[]","clusterBy":"[]","description":null,"isManaged":"false","properties":"{\"delta.checkpointInterval\":\"2\"}"},"isolationLevel":"Serializable","isBlindAppend":true,"operationMetrics":{},"engineInfo":"Apache-Spark/3.5.0 Delta-Lake/3.2.0-SNAPSHOT","txnId":"7517176e-cff7-46ac-b133-3cf096e2620d"}}
{"metaData":{"id":"7e2a1106-198b-4653-a612-2aa44685cb27","format":{"provider":"parquet","options":{}},"schemaString":"{\"type\":\"struct\",\"fields\":[{\"name\":\"id\",\"type\":\"long\",\"nullable\":true,\"metadata\":{}}]}","partitionColumns":[],"configuration":{"delta.checkpointInterval":"2"},"createdTime":1714496109258}}
{"protocol":{"minReaderVersion":1,"minWriterVersion":2}}
