{"commitInfo":{"timestamp":1697177851920,"operation":"DELETE","operationParameters":{"predicate":"[\"(col1#4601 = 6)\"]"},"readVersion":3,"isolationLevel":"Serializable","isBlindAppend":false,"operationMetrics":{"numRemovedFiles":"0","numRemovedBytes":"0","numCopiedRows":"0","numDeletionVectorsAdded":"1","numDeletionVectorsRemoved":"0","numAddedChangeFiles":"0","executionTimeMs":"1180","numDeletionVectorsUpdated":"0","numDeletedRows":"1","scanTimeMs":"0","numAddedFiles":"0","numAddedBytes":"0","rewriteTimeMs":"0"},"engineInfo":"Apache-Spark/3.5.0 Delta-Lake/3.0.0-SNAPSHOT","txnId":"542a35b5-23c2-4193-96df-9e23284a1ad1"}}
{"add":{"path":"col-60c949ca-b8bc-4330-b931-b73fb4c60037=6/part-00000-c0ca807e-59eb-4c84-a67d-c65a2e03c3c5.c000.snappy.parquet","partitionValues":{"col-60c949ca-b8bc-4330-b931-b73fb4c60037":"6"},"size":1202,"modificationTime":1697177837000,"dataChange":true,"stats":"{\"numRecords\":2,\"minValues\":{\"col-9f0743fd-a52e-44a7-92e0-72a3d34231b1\":6,\"col-ae46e8ed-607b-4b7c-8a13-44991fe0a2e4\":\"foo1\"},\"maxValues\":{\"col-9f0743fd-a52e-44a7-92e0-72a3d34231b1\":16,\"col-ae46e8ed-607b-4b7c-8a13-44991fe0a2e4\":\"foo1\"},\"nullCount\":{\"col-9f0743fd-a52e-44a7-92e0-72a3d34231b1\":0,\"col-ae46e8ed-607b-4b7c-8a13-44991fe0a2e4\":0},\"tightBounds\":false}","deletionVector":{"storageType":"u","pathOrInlineDv":"GOBG7L]@&bKr%xe4PF6?","offset":1,"sizeInBytes":34,"cardinality":1}}}
{"remove":{"path":"col-60c949ca-b8bc-4330-b931-b73fb4c60037=6/part-00000-c0ca807e-59eb-4c84-a67d-c65a2e03c3c5.c000.snappy.parquet","deletionTimestamp":1697177851705,"dataChange":true,"extendedFileMetadata":true,"partitionValues":{"col-60c949ca-b8bc-4330-b931-b73fb4c60037":"6"},"size":1202,"stats":"{\"numRecords\":2}"}}
