{"commitInfo":{"timestamp":1697177849801,"operation":"DELETE","operationParameters":{"predicate":"[\"(col1#3297 = 4)\"]"},"readVersion":2,"isolationLevel":"Serializable","isBlindAppend":false,"operationMetrics":{"numRemovedFiles":"0","numRemovedBytes":"0","numCopiedRows":"0","numDeletionVectorsAdded":"1","numDeletionVectorsRemoved":"0","numAddedChangeFiles":"0","executionTimeMs":"1201","numDeletionVectorsUpdated":"0","numDeletedRows":"1","scanTimeMs":"0","numAddedFiles":"0","numAddedBytes":"0","rewriteTimeMs":"0"},"engineInfo":"Apache-Spark/3.5.0 Delta-Lake/3.0.0-SNAPSHOT","txnId":"ec2e636d-e0a8-4936-b754-ef2175810a1a"}}
{"add":{"path":"col-60c949ca-b8bc-4330-b931-b73fb4c60037=4/part-00000-dbfb557b-b778-454e-bef4-bab9481bcea7.c000.snappy.parquet","partitionValues":{"col-60c949ca-b8bc-4330-b931-b73fb4c60037":"4"},"size":1205,"modificationTime":1697177837000,"dataChange":true,"stats":"{\"numRecords\":3,\"minValues\":{\"col-9f0743fd-a52e-44a7-92e0-72a3d34231b1\":4,\"col-ae46e8ed-607b-4b7c-8a13-44991fe0a2e4\":\"foo4\"},\"maxValues\":{\"col-9f0743fd-a52e-44a7-92e0-72a3d34231b1\":24,\"col-ae46e8ed-607b-4b7c-8a13-44991fe0a2e4\":\"foo4\"},\"nullCount\":{\"col-9f0743fd-a52e-44a7-92e0-72a3d34231b1\":0,\"col-ae46e8ed-607b-4b7c-8a13-44991fe0a2e4\":0},\"tightBounds\":false}","deletionVector":{"storageType":"u","pathOrInlineDv":"bmfc5TmwY>TJV$^4Zs$+","offset":1,"sizeInBytes":34,"cardinality":1}}}
{"remove":{"path":"col-60c949ca-b8bc-4330-b931-b73fb4c60037=4/part-00000-dbfb557b-b778-454e-bef4-bab9481bcea7.c000.snappy.parquet","deletionTimestamp":1697177849598,"dataChange":true,"extendedFileMetadata":true,"partitionValues":{"col-60c949ca-b8bc-4330-b931-b73fb4c60037":"4"},"size":1205,"stats":"{\"numRecords\":3}"}}
