{"commitInfo":{"timestamp":1697177845210,"operation":"DELETE","operationParameters":{"predicate":"[\"(col1#493 = 0)\"]"},"readVersion":0,"isolationLevel":"Serializable","isBlindAppend":false,"operationMetrics":{"numRemovedFiles":"0","numRemovedBytes":"0","numCopiedRows":"0","numDeletionVectorsAdded":"1","numDeletionVectorsRemoved":"0","numAddedChangeFiles":"0","executionTimeMs":"2463","numDeletionVectorsUpdated":"0","numDeletedRows":"1","scanTimeMs":"0","numAddedFiles":"0","numAddedBytes":"0","rewriteTimeMs":"0"},"engineInfo":"Apache-Spark/3.5.0 Delta-Lake/3.0.0-SNAPSHOT","txnId":"d0e5f096-0e13-4e72-a6c1-97e4d4786b8d"}}
{"add":{"path":"col-60c949ca-b8bc-4330-b931-b73fb4c60037=0/part-00000-d1888b8a-150e-4fe3-a397-1514739499b4.c000.snappy.parquet","partitionValues":{"col-60c949ca-b8bc-4330-b931-b73fb4c60037":"0"},"size":1206,"modificationTime":1697177837000,"dataChange":true,"stats":"{\"numRecords\":3,\"minValues\":{\"col-9f0743fd-a52e-44a7-92e0-72a3d34231b1\":0,\"col-ae46e8ed-607b-4b7c-8a13-44991fe0a2e4\":\"foo0\"},\"maxValues\":{\"col-9f0743fd-a52e-44a7-92e0-72a3d34231b1\":20,\"col-ae46e8ed-607b-4b7c-8a13-44991fe0a2e4\":\"foo0\"},\"nullCount\":{\"col-9f0743fd-a52e-44a7-92e0-72a3d34231b1\":0,\"col-ae46e8ed-607b-4b7c-8a13-44991fe0a2e4\":0},\"tightBounds\":false}","deletionVector":{"storageType":"u","pathOrInlineDv":"5DxE90SCJoMhWOS&LEbJ","offset":1,"sizeInBytes":34,"cardinality":1}}}
{"remove":{"path":"col-60c949ca-b8bc-4330-b931-b73fb4c60037=0/part-00000-d1888b8a-150e-4fe3-a397-1514739499b4.c000.snappy.parquet","deletionTimestamp":1697177844817,"dataChange":true,"extendedFileMetadata":true,"partitionValues":{"col-60c949ca-b8bc-4330-b931-b73fb4c60037":"0"},"size":1206,"stats":"{\"numRecords\":3}"}}
