{"commitInfo":{"timestamp":1697177860988,"operation":"DELETE","operationParameters":{"predicate":"[\"(col1#11121 = 16)\"]"},"readVersion":8,"isolationLevel":"Serializable","isBlindAppend":false,"operationMetrics":{"numRemovedFiles":"1","numRemovedBytes":"0","numCopiedRows":"0","numDeletionVectorsAdded":"0","numDeletionVectorsRemoved":"1","numAddedChangeFiles":"0","executionTimeMs":"906","numDeletionVectorsUpdated":"0","numDeletedRows":"1","scanTimeMs":"0","numAddedFiles":"0","numAddedBytes":"0","rewriteTimeMs":"0"},"engineInfo":"Apache-Spark/3.5.0 Delta-Lake/3.0.0-SNAPSHOT","txnId":"b5fcd099-63f8-4673-bf68-2e4954a26c80"}}
{"remove":{"path":"col-60c949ca-b8bc-4330-b931-b73fb4c60037=6/part-00000-c0ca807e-59eb-4c84-a67d-c65a2e03c3c5.c000.snappy.parquet","deletionTimestamp":1697177860958,"dataChange":true,"extendedFileMetadata":true,"partitionValues":{"col-60c949ca-b8bc-4330-b931-b73fb4c60037":"6"},"size":1202,"deletionVector":{"storageType":"u","pathOrInlineDv":"GOBG7L]@&bKr%xe4PF6?","offset":1,"sizeInBytes":34,"cardinality":1},"stats":"{\"numRecords\":2}"}}
