{"commitInfo":{"timestamp":1697177865395,"operation":"DELETE","operationParameters":{"predicate":"[\"(col1#13877 = 20)\"]"},"readVersion":10,"isolationLevel":"Serializable","isBlindAppend":false,"operationMetrics":{"numRemovedFiles":"1","numRemovedBytes":"0","numCopiedRows":"0","numDeletionVectorsAdded":"0","numDeletionVectorsRemoved":"1","numAddedChangeFiles":"0","executionTimeMs":"1201","numDeletionVectorsUpdated":"0","numDeletedRows":"1","scanTimeMs":"0","numAddedFiles":"0","numAddedBytes":"0","rewriteTimeMs":"0"},"engineInfo":"Apache-Spark/3.5.0 Delta-Lake/3.0.0-SNAPSHOT","txnId":"c35e56bf-cadb-4c9f-8b76-d14ed0527dee"}}
{"remove":{"path":"col-60c949ca-b8bc-4330-b931-b73fb4c60037=0/part-00000-d1888b8a-150e-4fe3-a397-1514739499b4.c000.snappy.parquet","deletionTimestamp":1697177865367,"dataChange":true,"extendedFileMetadata":true,"partitionValues":{"col-60c949ca-b8bc-4330-b931-b73fb4c60037":"0"},"size":1206,"deletionVector":{"storageType":"u","pathOrInlineDv":"0Mb{.bIUQYOtd%By%1f@","offset":1,"sizeInBytes":36,"cardinality":2},"stats":"{\"numRecords\":3}"}}
