{"commitInfo":{"timestamp":1752013252241,"operation":"WRITE","operationParameters":{"mode":"Append","partitionBy":"[]"},"readVersion":0,"isolationLevel":"Serializable","isBlindAppend":true,"operationMetrics":{"numFiles":"5","numOutputRows":"50","numOutputBytes":"2636"},"engineInfo":"Apache-Spark/3.5.3 Delta-Lake/3.4.0-SNAPSHOT","txnId":"f460664f-8dbf-4775-8a06-0ed95a058c6e"}}
{"add":{"path":"part-00000-520b63c8-7004-4fb3-9a7d-6b1ee913d1ac-c000.snappy.parquet","partitionValues":{},"size":527,"modificationTime":1752013252130,"dataChange":true,"stats":"{\"numRecords\":10,\"minValues\":{\"id\":50},\"maxValues\":{\"id\":59},\"nullCount\":{\"id\":0}}"}}
{"add":{"path":"part-00001-5236d99c-44d0-4eb3-b9a6-c84066e73742-c000.snappy.parquet","partitionValues":{},"size":527,"modificationTime":1752013252154,"dataChange":true,"stats":"{\"numRecords\":10,\"minValues\":{\"id\":60},\"maxValues\":{\"id\":69},\"nullCount\":{\"id\":0}}"}}
{"add":{"path":"part-00002-113a09fa-8d92-4285-a192-75d9ef68ccdf-c000.snappy.parquet","partitionValues":{},"size":527,"modificationTime":1752013252182,"dataChange":true,"stats":"{\"numRecords\":10,\"minValues\":{\"id\":70},\"maxValues\":{\"id\":79},\"nullCount\":{\"id\":0}}"}}
{"add":{"path":"part-00003-d6736222-7d56-4b90-ad5e-abea2a47353d-c000.snappy.parquet","partitionValues":{},"size":528,"modificationTime":1752013252206,"dataChange":true,"stats":"{\"numRecords\":10,\"minValues\":{\"id\":80},\"maxValues\":{\"id\":89},\"nullCount\":{\"id\":0}}"}}
{"add":{"path":"part-00004-b0a130bc-96cd-4b89-8d24-253f9fea21cb-c000.snappy.parquet","partitionValues":{},"size":527,"modificationTime":1752013252230,"dataChange":true,"stats":"{\"numRecords\":10,\"minValues\":{\"id\":90},\"maxValues\":{\"id\":99},\"nullCount\":{\"id\":0}}"}}
