{"commitInfo":{"timestamp":1752013250800,"operation":"WRITE","operationParameters":{"mode":"ErrorIfExists","partitionBy":"[]"},"isolationLevel":"Serializable","isBlindAppend":true,"operationMetrics":{"numFiles":"5","numOutputRows":"50","numOutputBytes":"2636"},"engineInfo":"Apache-Spark/3.5.3 Delta-Lake/3.4.0-SNAPSHOT","txnId":"42c3eb4a-9e6e-4c19-9893-96106670b540"}}
{"metaData":{"id":"b1624866-6060-42ab-9bbc-831735240dd3","format":{"provider":"parquet","options":{}},"schemaString":"{\"type\":\"struct\",\"fields\":[{\"name\":\"id\",\"type\":\"long\",\"nullable\":true,\"metadata\":{}}]}","partitionColumns":[],"configuration":{},"createdTime":1752013249002}}
{"protocol":{"minReaderVersion":1,"minWriterVersion":2}}
{"add":{"path":"part-00000-5aead402-bb3a-4c76-9d78-67c09cfcfa8a-c000.snappy.parquet","partitionValues":{},"size":528,"modificationTime":1752013250522,"dataChange":true,"stats":"{\"numRecords\":10,\"minValues\":{\"id\":0},\"maxValues\":{\"id\":9},\"nullCount\":{\"id\":0}}"}}
{"add":{"path":"part-00001-f7ad6879-5e8e-4ac2-817f-2dc95477d7d7-c000.snappy.parquet","partitionValues":{},"size":527,"modificationTime":1752013250614,"dataChange":true,"stats":"{\"numRecords\":10,\"minValues\":{\"id\":10},\"maxValues\":{\"id\":19},\"nullCount\":{\"id\":0}}"}}
{"add":{"path":"part-00002-021db285-9b02-4973-a282-afcfd8afd007-c000.snappy.parquet","partitionValues":{},"size":527,"modificationTime":1752013250650,"dataChange":true,"stats":"{\"numRecords\":10,\"minValues\":{\"id\":20},\"maxValues\":{\"id\":29},\"nullCount\":{\"id\":0}}"}}
{"add":{"path":"part-00003-a2307510-6cac-4772-8ad1-94e874534491-c000.snappy.parquet","partitionValues":{},"size":527,"modificationTime":1752013250686,"dataChange":true,"stats":"{\"numRecords\":10,\"minValues\":{\"id\":30},\"maxValues\":{\"id\":39},\"nullCount\":{\"id\":0}}"}}
{"add":{"path":"part-00004-39753157-19bf-4a6d-b65d-04505516762d-c000.snappy.parquet","partitionValues":{},"size":527,"modificationTime":1752013250722,"dataChange":true,"stats":"{\"numRecords\":10,\"minValues\":{\"id\":40},\"maxValues\":{\"id\":49},\"nullCount\":{\"id\":0}}"}}
