{"commitInfo":{"timestamp":1697587748016,"operation":"WRITE","operationParameters":{"mode":"ErrorIfExists","partitionBy":"[]"},"isolationLevel":"Serializable","isBlindAppend":true,"operationMetrics":{"numFiles":"2","numOutputRows":"100","numOutputBytes":"2191"},"engineInfo":"Apache-Spark/3.5.0 Delta-Lake/3.0.0-SNAPSHOT","txnId":"1a8d27d3-4e3d-4d34-af7d-88cdd71e1b99"}}
{"metaData":{"id":"testId","format":{"provider":"parquet","options":{}},"schemaString":"{\"type\":\"struct\",\"fields\":[{\"name\":\"id\",\"type\":\"integer\",\"nullable\":true,\"metadata\":{}},{\"name\":\"str\",\"type\":\"string\",\"nullable\":true,\"metadata\":{}}]}","partitionColumns":[],"configuration":{},"createdTime":1697587743472}}
{"protocol":{"minReaderVersion":1,"minWriterVersion":2}}
{"add":{"path":"part-00000-f9886fc2-20a0-42fe-8b30-c3abb5e3c720-c000.snappy.parquet","partitionValues":{},"size":1091,"modificationTime":1697587747000,"dataChange":true,"stats":"{\"numRecords\":50,\"minValues\":{\"id\":0,\"str\":\"val=0\"},\"maxValues\":{\"id\":49,\"str\":\"val=9\"},\"nullCount\":{\"id\":0,\"str\":0}}"}}
{"add":{"path":"part-00001-13a6bfd9-3835-44dd-b4f1-465aa95b2bf4-c000.snappy.parquet","partitionValues":{},"size":1100,"modificationTime":1697587747000,"dataChange":true,"stats":"{\"numRecords\":50,\"minValues\":{\"id\":50,\"str\":\"val=50\"},\"maxValues\":{\"id\":99,\"str\":\"val=99\"},\"nullCount\":{\"id\":0,\"str\":0}}"}}
