{"commitInfo":{"timestamp":1704847199416,"operation":"WRITE","operationParameters":{"mode":"Append","partitionBy":"[]"},"isolationLevel":"Serializable","isBlindAppend":true,"operationMetrics":{"numFiles":"2","numOutputRows":"1","numOutputBytes":"1065"},"engineInfo":"Apache-Spark/3.5.0 Delta-Lake/3.1.0-SNAPSHOT","txnId":"e12d6dfe-db6a-4039-9fcf-6c13606d416d"}}
{"metaData":{"id":"testId","format":{"provider":"parquet","options":{}},"schemaString":"{\"type\":\"struct\",\"fields\":[{\"name\":\"col1\",\"type\":\"integer\",\"nullable\":true,\"metadata\":{}},{\"name\":\"col2\",\"type\":\"integer\",\"nullable\":true,\"metadata\":{}}]}","partitionColumns":[],"configuration":{},"createdTime":1704847199041}}
{"protocol":{"minReaderVersion":1,"minWriterVersion":2}}
{"add":{"path":"part-00001-c09e5ddb-2337-4e49-b8be-83fd96008375-c000.snappy.parquet","partitionValues":{},"size":684,"modificationTime":1704847199000,"dataChange":true,"stats":"{\"numRecords\":1,\"minValues\":{\"col1\":0,\"col2\":0},\"maxValues\":{\"col1\":0,\"col2\":0},\"nullCount\":{\"col1\":0,\"col2\":0}}"}}
