{"commitInfo":{"timestamp":1697070257696,"operation":"WRITE","operationParameters":{"mode":"Append","partitionBy":"[]"},"readVersion":0,"isolationLevel":"Serializable","isBlindAppend":true,"operationMetrics":{"numFiles":"2","numOutputRows":"20","numOutputBytes":"1666"},"engineInfo":"Apache-Spark/3.5.0 Delta-Lake/3.0.0-SNAPSHOT","txnId":"f72e15df-7d8d-406f-8789-e516c011c7c0"}}
{"metaData":{"id":"testId","format":{"provider":"parquet","options":{}},"schemaString":"{\"type\":\"struct\",\"fields\":[{\"name\":\"col1\",\"type\":\"long\",\"nullable\":true,\"metadata\":{}},{\"name\":\"col2\",\"type\":\"long\",\"nullable\":true,\"metadata\":{}}]}","partitionColumns":[],"configuration":{},"createdTime":1697070240252}}
{"add":{"path":"part-00000-66f9221e-0720-45f9-910a-0e81885c93e7-c000.snappy.parquet","partitionValues":{},"size":839,"modificationTime":1697070257000,"dataChange":true,"stats":"{\"numRecords\":10,\"minValues\":{\"col1\":0,\"col2\":0},\"maxValues\":{\"col1\":9,\"col2\":1},\"nullCount\":{\"col1\":0,\"col2\":0}}"}}
{"add":{"path":"part-00001-a54b97f9-bd3c-4724-917b-2730fd9b6c3a-c000.snappy.parquet","partitionValues":{},"size":827,"modificationTime":1697070257000,"dataChange":true,"stats":"{\"numRecords\":10,\"minValues\":{\"col1\":10,\"col2\":0},\"maxValues\":{\"col1\":19,\"col2\":1},\"nullCount\":{\"col1\":0,\"col2\":0}}"}}
