{"commitInfo":{"timestamp":1727266120320,"operation":"SET TBLPROPERTIES","operationParameters":{"properties":"{\"delta.enableTypeWidening\":\"true\"}"},"readVersion":0,"isolationLevel":"Serializable","isBlindAppend":true,"operationMetrics":{},"engineInfo":"Apache-Spark/3.5.2 Delta-Lake/3.3.0-SNAPSHOT","txnId":"f4db4fbf-a05b-41b4-9049-e1f28a08ec5b"}}
{"metaData":{"id":"43c8feba-0140-4d91-8c16-52f627a79cfe","format":{"provider":"parquet","options":{}},"schemaString":"{\"type\":\"struct\",\"fields\":[{\"name\":\"struct\",\"type\":{\"type\":\"struct\",\"fields\":[{\"name\":\"a\",\"type\":\"integer\",\"nullable\":true,\"metadata\":{}}]},\"nullable\":true,\"metadata\":{}},{\"name\":\"map\",\"type\":{\"type\":\"map\",\"keyType\":\"integer\",\"valueType\":\"integer\",\"valueContainsNull\":true},\"nullable\":true,\"metadata\":{}},{\"name\":\"array\",\"type\":{\"type\":\"array\",\"elementType\":\"integer\",\"containsNull\":true},\"nullable\":true,\"metadata\":{}}]}","partitionColumns":[],"configuration":{"delta.enableTypeWidening":"true"},"createdTime":1727266118466}}
{"protocol":{"minReaderVersion":3,"minWriterVersion":7,"readerFeatures":["typeWidening-preview"],"writerFeatures":["typeWidening-preview","appendOnly","invariants"]}}
