{"commitInfo":{"timestamp":1727266119620,"operation":"WRITE","operationParameters":{"mode":"Append","partitionBy":"[]"},"isolationLevel":"Serializable","isBlindAppend":true,"operationMetrics":{"numFiles":"1","numOutputRows":"1","numOutputBytes":"1416"},"engineInfo":"Apache-Spark/3.5.2 Delta-Lake/3.3.0-SNAPSHOT","txnId":"034f1fec-b6d9-4957-93c1-09a19c323fc2"}}
{"metaData":{"id":"43c8feba-0140-4d91-8c16-52f627a79cfe","format":{"provider":"parquet","options":{}},"schemaString":"{\"type\":\"struct\",\"fields\":[{\"name\":\"struct\",\"type\":{\"type\":\"struct\",\"fields\":[{\"name\":\"a\",\"type\":\"integer\",\"nullable\":true,\"metadata\":{}}]},\"nullable\":true,\"metadata\":{}},{\"name\":\"map\",\"type\":{\"type\":\"map\",\"keyType\":\"integer\",\"valueType\":\"integer\",\"valueContainsNull\":true},\"nullable\":true,\"metadata\":{}},{\"name\":\"array\",\"type\":{\"type\":\"array\",\"elementType\":\"integer\",\"containsNull\":true},\"nullable\":true,\"metadata\":{}}]}","partitionColumns":[],"configuration":{},"createdTime":1727266118466}}
{"protocol":{"minReaderVersion":1,"minWriterVersion":2}}
{"add":{"path":"part-00000-138244f1-b939-40db-a4bd-d57cf3d214d2-c000.snappy.parquet","partitionValues":{},"size":1416,"modificationTime":1727266119587,"dataChange":true,"stats":"{\"numRecords\":1,\"minValues\":{\"struct\":{\"a\":1}},\"maxValues\":{\"struct\":{\"a\":1}},\"nullCount\":{\"struct\":{\"a\":0},\"map\":0,\"array\":0}}"}}
