{"commitInfo":{"timestamp":1727266121897,"operation":"WRITE","operationParameters":{"mode":"Append","partitionBy":"[]"},"readVersion":1,"isolationLevel":"Serializable","isBlindAppend":true,"operationMetrics":{"numFiles":"1","numOutputRows":"1","numOutputBytes":"1519"},"engineInfo":"Apache-Spark/3.5.2 Delta-Lake/3.3.0-SNAPSHOT","txnId":"55211a5a-9d2b-4367-929a-ac5850f91b78"}}
{"metaData":{"id":"43c8feba-0140-4d91-8c16-52f627a79cfe","format":{"provider":"parquet","options":{}},"schemaString":"{\"type\":\"struct\",\"fields\":[{\"name\":\"struct\",\"type\":{\"type\":\"struct\",\"fields\":[{\"name\":\"a\",\"type\":\"long\",\"nullable\":true,\"metadata\":{\"delta.typeChanges\":[{\"toType\":\"long\",\"fromType\":\"integer\",\"tableVersion\":2}]}}]},\"nullable\":true,\"metadata\":{}},{\"name\":\"map\",\"type\":{\"type\":\"map\",\"keyType\":\"long\",\"valueType\":\"long\",\"valueContainsNull\":true},\"nullable\":true,\"metadata\":{\"delta.typeChanges\":[{\"toType\":\"long\",\"fromType\":\"integer\",\"tableVersion\":2,\"fieldPath\":\"key\"},{\"toType\":\"long\",\"fromType\":\"integer\",\"tableVersion\":2,\"fieldPath\":\"value\"}]}},{\"name\":\"array\",\"type\":{\"type\":\"array\",\"elementType\":\"long\",\"containsNull\":true},\"nullable\":true,\"metadata\":{\"delta.typeChanges\":[{\"toType\":\"long\",\"fromType\":\"integer\",\"tableVersion\":2,\"fieldPath\":\"element\"}]}}]}","partitionColumns":[],"configuration":{"delta.enableTypeWidening":"true"},"createdTime":1727266118466}}
{"add":{"path":"part-00000-1f777f86-350c-4181-b7ef-73df70847eac-c000.snappy.parquet","partitionValues":{},"size":1519,"modificationTime":1727266121853,"dataChange":true,"stats":"{\"numRecords\":1,\"minValues\":{\"struct\":{\"a\":9223372036854775807}},\"maxValues\":{\"struct\":{\"a\":9223372036854775807}},\"nullCount\":{\"struct\":{\"a\":0},\"map\":0,\"array\":0}}","defaultRowCommitVersion":2}}
