{"commitInfo":{"timestamp":1697593123749,"operation":"WRITE","operationParameters":{"mode":"ErrorIfExists","partitionBy":"[]"},"isolationLevel":"Serializable","isBlindAppend":true,"operationMetrics":{"numFiles":"10","numOutputRows":"10","numOutputBytes":"4780"},"engineInfo":"Apache-Spark/3.5.0 Delta-Lake/3.0.0-SNAPSHOT","txnId":"7d74fc39-15e0-4bd9-a864-52e9917894a0"}}
{"metaData":{"id":"testId","format":{"provider":"parquet","options":{}},"schemaString":"{\"type\":\"struct\",\"fields\":[{\"name\":\"id\",\"type\":\"long\",\"nullable\":true,\"metadata\":{}}]}","partitionColumns":[],"configuration":{"delta.checkpointInterval":"1"},"createdTime":1697593117126}}
{"protocol":{"minReaderVersion":1,"minWriterVersion":2}}
{"add":{"path":"part-00000-dfc22a82-c022-4a82-86e5-1893449a9ac9-c000.snappy.parquet","partitionValues":{},"size":478,"modificationTime":1697593122000,"dataChange":true,"stats":"{\"numRecords\":1,\"minValues\":{\"id\":0},\"maxValues\":{\"id\":0},\"nullCount\":{\"id\":0}}"}}
{"add":{"path":"part-00001-43c03a40-f6fe-4cc7-80d5-b1273adab930-c000.snappy.parquet","partitionValues":{},"size":478,"modificationTime":1697593122000,"dataChange":true,"stats":"{\"numRecords\":1,\"minValues\":{\"id\":2},\"maxValues\":{\"id\":2},\"nullCount\":{\"id\":0}}"}}
{"add":{"path":"part-00002-896896b5-bff2-4d67-a74a-46dbb9730710-c000.snappy.parquet","partitionValues":{},"size":478,"modificationTime":1697593122000,"dataChange":true,"stats":"{\"numRecords\":1,\"minValues\":{\"id\":4},\"maxValues\":{\"id\":4},\"nullCount\":{\"id\":0}}"}}
{"add":{"path":"part-00003-885e84c4-be75-485c-8459-257a0a552a2d-c000.snappy.parquet","partitionValues":{},"size":478,"modificationTime":1697593122000,"dataChange":true,"stats":"{\"numRecords\":1,\"minValues\":{\"id\":1},\"maxValues\":{\"id\":1},\"nullCount\":{\"id\":0}}"}}
{"add":{"path":"part-00004-dcf3f384-2139-4406-af81-89aff10b612d-c000.snappy.parquet","partitionValues":{},"size":478,"modificationTime":1697593123000,"dataChange":true,"stats":"{\"numRecords\":1,\"minValues\":{\"id\":7},\"maxValues\":{\"id\":7},\"nullCount\":{\"id\":0}}"}}
{"add":{"path":"part-00005-e3a5e9cc-e036-41cb-952d-fd3e374af794-c000.snappy.parquet","partitionValues":{},"size":478,"modificationTime":1697593123000,"dataChange":true,"stats":"{\"numRecords\":1,\"minValues\":{\"id\":5},\"maxValues\":{\"id\":5},\"nullCount\":{\"id\":0}}"}}
{"add":{"path":"part-00006-c048e558-898c-43b3-b144-47efbbab72d1-c000.snappy.parquet","partitionValues":{},"size":478,"modificationTime":1697593123000,"dataChange":true,"stats":"{\"numRecords\":1,\"minValues\":{\"id\":6},\"maxValues\":{\"id\":6},\"nullCount\":{\"id\":0}}"}}
{"add":{"path":"part-00007-50c77d47-31b2-4e0a-a43d-2f6be5ff15ee-c000.snappy.parquet","partitionValues":{},"size":478,"modificationTime":1697593123000,"dataChange":true,"stats":"{\"numRecords\":1,\"minValues\":{\"id\":8},\"maxValues\":{\"id\":8},\"nullCount\":{\"id\":0}}"}}
{"add":{"path":"part-00008-9fcc1da0-688a-4be6-a296-21da16557267-c000.snappy.parquet","partitionValues":{},"size":478,"modificationTime":1697593123000,"dataChange":true,"stats":"{\"numRecords\":1,\"minValues\":{\"id\":9},\"maxValues\":{\"id\":9},\"nullCount\":{\"id\":0}}"}}
{"add":{"path":"part-00009-ac03e5b4-bd86-48e0-a9a0-094180656170-c000.snappy.parquet","partitionValues":{},"size":478,"modificationTime":1697593123000,"dataChange":true,"stats":"{\"numRecords\":1,\"minValues\":{\"id\":3},\"maxValues\":{\"id\":3},\"nullCount\":{\"id\":0}}"}}
