{"commitInfo":{"timestamp":1697593139603,"operation":"DELETE","operationParameters":{"predicate":"[\"(id#478L < 5)\"]"},"readVersion":0,"isolationLevel":"Serializable","isBlindAppend":false,"operationMetrics":{"numRemovedFiles":"5","numRemovedBytes":"2390","numCopiedRows":"0","numDeletionVectorsAdded":"0","numDeletionVectorsRemoved":"0","numAddedChangeFiles":"0","executionTimeMs":"4796","numDeletionVectorsUpdated":"0","numDeletedRows":"5","scanTimeMs":"4098","numAddedFiles":"0","numAddedBytes":"0","rewriteTimeMs":"695"},"engineInfo":"Apache-Spark/3.5.0 Delta-Lake/3.0.0-SNAPSHOT","txnId":"f9cd1c69-03c9-4bf0-9088-49415a063738"}}
{"remove":{"path":"part-00003-885e84c4-be75-485c-8459-257a0a552a2d-c000.snappy.parquet","deletionTimestamp":1697593139529,"dataChange":true,"extendedFileMetadata":true,"partitionValues":{},"size":478}}
{"remove":{"path":"part-00000-dfc22a82-c022-4a82-86e5-1893449a9ac9-c000.snappy.parquet","deletionTimestamp":1697593139529,"dataChange":true,"extendedFileMetadata":true,"partitionValues":{},"size":478}}
{"remove":{"path":"part-00001-43c03a40-f6fe-4cc7-80d5-b1273adab930-c000.snappy.parquet","deletionTimestamp":1697593139529,"dataChange":true,"extendedFileMetadata":true,"partitionValues":{},"size":478}}
{"remove":{"path":"part-00009-ac03e5b4-bd86-48e0-a9a0-094180656170-c000.snappy.parquet","deletionTimestamp":1697593139529,"dataChange":true,"extendedFileMetadata":true,"partitionValues":{},"size":478}}
{"remove":{"path":"part-00002-896896b5-bff2-4d67-a74a-46dbb9730710-c000.snappy.parquet","deletionTimestamp":1697593139529,"dataChange":true,"extendedFileMetadata":true,"partitionValues":{},"size":478}}
