{"commitInfo":{"timestamp":1697593147504,"operation":"WRITE","operationParameters":{"mode":"Append","partitionBy":"[]"},"readVersion":1,"isolationLevel":"Serializable","isBlindAppend":true,"operationMetrics":{"numFiles":"2","numOutputRows":"20","numOutputBytes":"1066"},"engineInfo":"Apache-Spark/3.5.0 Delta-Lake/3.0.0-SNAPSHOT","txnId":"298bfe52-0470-44d5-b201-fa320ba5b392"}}
{"add":{"path":"part-00000-b4e80ee6-4cbd-4cc6-b565-d2c625d0731a-c000.snappy.parquet","partitionValues":{},"size":539,"modificationTime":1697593145000,"dataChange":true,"stats":"{\"numRecords\":10,\"minValues\":{\"id\":0},\"maxValues\":{\"id\":9},\"nullCount\":{\"id\":0}}"}}
{"add":{"path":"part-00001-b50e4584-a496-4a37-a227-f7b3e9705aee-c000.snappy.parquet","partitionValues":{},"size":527,"modificationTime":1697593145000,"dataChange":true,"stats":"{\"numRecords\":10,\"minValues\":{\"id\":10},\"maxValues\":{\"id\":19},\"nullCount\":{\"id\":0}}"}}
