{"commitInfo":{"timestamp":1752505900548,"operation":"WRITE","operationParameters":{"mode":"Overwrite","partitionBy":"[]"},"readVersion":0,"isolationLevel":"Serializable","isBlindAppend":false,"operationMetrics":{"numFiles":"1","numRemovedFiles":"0","numRemovedBytes":"0","numOutputRows":"5","numOutputBytes":"696"},"engineInfo":"Apache-Spark/3.5.3 Delta-Lake/3.4.0-SNAPSHOT","txnId":"0f554c74-9a5e-4cf7-b1a9-a9f4d9ee4182"}}
{"add":{"path":"part-00000-ac602f34-1383-49b5-a18c-1d608ea58845-c000.snappy.parquet","partitionValues":{},"size":696,"modificationTime":1752505900286,"dataChange":true,"stats":"{\"numRecords\":5,\"minValues\":{\"id\":1,\"value\":\"A\"},\"maxValues\":{\"id\":5,\"value\":\"E\"},\"nullCount\":{\"id\":0,\"value\":0}}","baseRowId":0,"defaultRowCommitVersion":1}}
{"domainMetadata":{"domain":"delta.rowTracking","configuration":"{\"rowIdHighWaterMark\":4,\"domainName\":\"delta.rowTracking\"}","removed":false}}
