{"commitInfo":{"timestamp":1697654200341,"operation":"WRITE","operationParameters":{"mode":"Append","partitionBy":"[]"},"readVersion":6,"isolationLevel":"Serializable","isBlindAppend":true,"operationMetrics":{"numFiles":"2","numOutputRows":"10","numOutputBytes":"1003"},"engineInfo":"Apache-Spark/3.5.0 Delta-Lake/3.0.0-SNAPSHOT","txnId":"a845999b-ec65-424a-a62a-ace1b2d7336c"}}
{"add":{"path":"part-00000-45ddfb64-1797-4618-a4e4-58d687ae9d21-c000.snappy.parquet","partitionValues":{},"size":500,"modificationTime":1697654200000,"dataChange":true,"stats":"{\"numRecords\":5,\"minValues\":{\"id\":0},\"maxValues\":{\"id\":4},\"nullCount\":{\"id\":0}}"}}
{"add":{"path":"part-00001-e471a872-a1ee-4610-9454-062854327ad6-c000.snappy.parquet","partitionValues":{},"size":503,"modificationTime":1697654200000,"dataChange":true,"stats":"{\"numRecords\":5,\"minValues\":{\"id\":5},\"maxValues\":{\"id\":9},\"nullCount\":{\"id\":0}}"}}
