{"commitInfo":{"timestamp":1697654211950,"operation":"WRITE","operationParameters":{"mode":"Overwrite","partitionBy":"[]"},"readVersion":10,"isolationLevel":"Serializable","isBlindAppend":false,"operationMetrics":{"numFiles":"2","numOutputRows":"100","numOutputBytes":"1454"},"engineInfo":"Apache-Spark/3.5.0 Delta-Lake/3.0.0-SNAPSHOT","txnId":"6f33f474-6422-4edf-83fb-d97f276fd8d2"}}
{"add":{"path":"part-00000-45318b19-5a29-4bb9-b273-1738e817d63e-c000.snappy.parquet","partitionValues":{},"size":765,"modificationTime":1697654210000,"dataChange":true,"stats":"{\"numRecords\":50,\"minValues\":{\"id\":0},\"maxValues\":{\"id\":49},\"nullCount\":{\"id\":0}}"}}
{"add":{"path":"part-00001-4eeaf77f-87b7-45bb-8e1f-1faf9c957918-c000.snappy.parquet","partitionValues":{},"size":689,"modificationTime":1697654210000,"dataChange":true,"stats":"{\"numRecords\":50,\"minValues\":{\"id\":50},\"maxValues\":{\"id\":99},\"nullCount\":{\"id\":0}}"}}
{"remove":{"path":"part-00000-45ddfb64-1797-4618-a4e4-58d687ae9d21-c000.snappy.parquet","deletionTimestamp":1697654211945,"dataChange":true,"extendedFileMetadata":true,"partitionValues":{},"size":500}}
{"remove":{"path":"part-00000-69f4e384-139f-4b75-b51f-09213866a62a-c000.snappy.parquet","deletionTimestamp":1697654211946,"dataChange":true,"extendedFileMetadata":true,"partitionValues":{},"size":500}}
{"remove":{"path":"part-00000-82c1686f-287a-4e6f-8a7a-0099d54d7738-c000.snappy.parquet","deletionTimestamp":1697654211946,"dataChange":true,"extendedFileMetadata":true,"partitionValues":{},"size":500}}
{"remove":{"path":"part-00000-99f8ecc2-cc99-4e3e-866e-07135df25e52-c000.snappy.parquet","deletionTimestamp":1697654211946,"dataChange":true,"extendedFileMetadata":true,"partitionValues":{},"size":500}}
{"remove":{"path":"part-00000-a57ecbd0-7dad-4b6c-a3fe-8ab4f7e73f5a-c000.snappy.parquet","deletionTimestamp":1697654211946,"dataChange":true,"extendedFileMetadata":true,"partitionValues":{},"size":500}}
{"remove":{"path":"part-00000-bca1b163-25a1-4130-b74c-b905c61018ca-c000.snappy.parquet","deletionTimestamp":1697654211946,"dataChange":true,"extendedFileMetadata":true,"partitionValues":{},"size":500}}
{"remove":{"path":"part-00000-cbc535a8-3499-4339-be3f-9df89091871e-c000.snappy.parquet","deletionTimestamp":1697654211946,"dataChange":true,"extendedFileMetadata":true,"partitionValues":{},"size":500}}
{"remove":{"path":"part-00000-cd63e6e7-227f-4bae-8ffc-fad3bfea242c-c000.snappy.parquet","deletionTimestamp":1697654211946,"dataChange":true,"extendedFileMetadata":true,"partitionValues":{},"size":500}}
{"remove":{"path":"part-00001-400931d7-721c-4dbc-82e6-5c29f1dfcde1-c000.snappy.parquet","deletionTimestamp":1697654211946,"dataChange":true,"extendedFileMetadata":true,"partitionValues":{},"size":503}}
{"remove":{"path":"part-00001-71b04841-d4e6-4cd6-930a-5e33fd1bd7a0-c000.snappy.parquet","deletionTimestamp":1697654211946,"dataChange":true,"extendedFileMetadata":true,"partitionValues":{},"size":503}}
{"remove":{"path":"part-00001-a68acb2a-ac4f-46c2-940b-f962480a6517-c000.snappy.parquet","deletionTimestamp":1697654211946,"dataChange":true,"extendedFileMetadata":true,"partitionValues":{},"size":503}}
{"remove":{"path":"part-00001-c1199313-5eb1-4d9d-9cec-a43245621024-c000.snappy.parquet","deletionTimestamp":1697654211946,"dataChange":true,"extendedFileMetadata":true,"partitionValues":{},"size":503}}
{"remove":{"path":"part-00001-c4cbb8cf-9c18-4bab-bfa7-967faa14e15d-c000.snappy.parquet","deletionTimestamp":1697654211946,"dataChange":true,"extendedFileMetadata":true,"partitionValues":{},"size":503}}
{"remove":{"path":"part-00001-e471a872-a1ee-4610-9454-062854327ad6-c000.snappy.parquet","deletionTimestamp":1697654211946,"dataChange":true,"extendedFileMetadata":true,"partitionValues":{},"size":503}}
{"remove":{"path":"part-00001-ef16b167-3dda-4681-bdd0-cd6bb9f07c30-c000.snappy.parquet","deletionTimestamp":1697654211946,"dataChange":true,"extendedFileMetadata":true,"partitionValues":{},"size":503}}
{"remove":{"path":"part-00000-51f8ff2c-8e81-4031-94c9-93eae615d3e3-c000.snappy.parquet","deletionTimestamp":1697654211946,"dataChange":true,"extendedFileMetadata":true,"partitionValues":{},"size":500}}
{"remove":{"path":"part-00000-59a396e0-b0f4-4685-80f1-f58e07601862-c000.snappy.parquet","deletionTimestamp":1697654211946,"dataChange":true,"extendedFileMetadata":true,"partitionValues":{},"size":500}}
{"remove":{"path":"part-00000-d9d02879-5155-46d4-84a8-41c83c5df9e4-c000.snappy.parquet","deletionTimestamp":1697654211946,"dataChange":true,"extendedFileMetadata":true,"partitionValues":{},"size":500}}
{"remove":{"path":"part-00001-81d22bd7-311e-4934-839e-f635ea6f364f-c000.snappy.parquet","deletionTimestamp":1697654211946,"dataChange":true,"extendedFileMetadata":true,"partitionValues":{},"size":503}}
{"remove":{"path":"part-00001-84978e4c-0e36-40d7-a3e0-c69204409c28-c000.snappy.parquet","deletionTimestamp":1697654211946,"dataChange":true,"extendedFileMetadata":true,"partitionValues":{},"size":503}}
{"remove":{"path":"part-00001-89b7b3e6-d076-43af-963f-3a4055a1eca6-c000.snappy.parquet","deletionTimestamp":1697654211946,"dataChange":true,"extendedFileMetadata":true,"partitionValues":{},"size":503}}
{"remove":{"path":"part-00001-8e839ba6-38f3-4093-8eb4-bc894159348c-c000.snappy.parquet","deletionTimestamp":1697654211946,"dataChange":true,"extendedFileMetadata":true,"partitionValues":{},"size":503}}
