{"commitInfo":{"timestamp":1697654197786,"operation":"WRITE","operationParameters":{"mode":"Append","partitionBy":"[]"},"readVersion":5,"isolationLevel":"Serializable","isBlindAppend":true,"operationMetrics":{"numFiles":"2","numOutputRows":"10","numOutputBytes":"1003"},"engineInfo":"Apache-Spark/3.5.0 Delta-Lake/3.0.0-SNAPSHOT","txnId":"43fdd9d9-cfef-4cd7-982c-e0bb41114f62"}}
{"add":{"path":"part-00000-d9d02879-5155-46d4-84a8-41c83c5df9e4-c000.snappy.parquet","partitionValues":{},"size":500,"modificationTime":1697654197000,"dataChange":true,"stats":"{\"numRecords\":5,\"minValues\":{\"id\":0},\"maxValues\":{\"id\":4},\"nullCount\":{\"id\":0}}"}}
{"add":{"path":"part-00001-84978e4c-0e36-40d7-a3e0-c69204409c28-c000.snappy.parquet","partitionValues":{},"size":503,"modificationTime":1697654197000,"dataChange":true,"stats":"{\"numRecords\":5,\"minValues\":{\"id\":5},\"maxValues\":{\"id\":9},\"nullCount\":{\"id\":0}}"}}
