{"commitInfo":{"timestamp":1697654186351,"operation":"WRITE","operationParameters":{"mode":"Append","partitionBy":"[]"},"readVersion":0,"isolationLevel":"Serializable","isBlindAppend":true,"operationMetrics":{"numFiles":"2","numOutputRows":"10","numOutputBytes":"1003"},"engineInfo":"Apache-Spark/3.5.0 Delta-Lake/3.0.0-SNAPSHOT","txnId":"a9dc1765-ff32-4c44-9df0-0716157df530"}}
{"add":{"path":"part-00000-cd63e6e7-227f-4bae-8ffc-fad3bfea242c-c000.snappy.parquet","partitionValues":{},"size":500,"modificationTime":1697654186000,"dataChange":true,"stats":"{\"numRecords\":5,\"minValues\":{\"id\":0},\"maxValues\":{\"id\":4},\"nullCount\":{\"id\":0}}"}}
{"add":{"path":"part-00001-89b7b3e6-d076-43af-963f-3a4055a1eca6-c000.snappy.parquet","partitionValues":{},"size":503,"modificationTime":1697654186000,"dataChange":true,"stats":"{\"numRecords\":5,\"minValues\":{\"id\":5},\"maxValues\":{\"id\":9},\"nullCount\":{\"id\":0}}"}}
