{"commitInfo":{"timestamp":1697654194175,"operation":"WRITE","operationParameters":{"mode":"Append","partitionBy":"[]"},"readVersion":3,"isolationLevel":"Serializable","isBlindAppend":true,"operationMetrics":{"numFiles":"2","numOutputRows":"10","numOutputBytes":"1003"},"engineInfo":"Apache-Spark/3.5.0 Delta-Lake/3.0.0-SNAPSHOT","txnId":"1df7a487-0697-4474-a8ec-0f0911216e68"}}
{"add":{"path":"part-00000-99f8ecc2-cc99-4e3e-866e-07135df25e52-c000.snappy.parquet","partitionValues":{},"size":500,"modificationTime":1697654194000,"dataChange":true,"stats":"{\"numRecords\":5,\"minValues\":{\"id\":0},\"maxValues\":{\"id\":4},\"nullCount\":{\"id\":0}}"}}
{"add":{"path":"part-00001-8e839ba6-38f3-4093-8eb4-bc894159348c-c000.snappy.parquet","partitionValues":{},"size":503,"modificationTime":1697654194000,"dataChange":true,"stats":"{\"numRecords\":5,\"minValues\":{\"id\":5},\"maxValues\":{\"id\":9},\"nullCount\":{\"id\":0}}"}}
