{"commitInfo":{"timestamp":1697654205382,"operation":"WRITE","operationParameters":{"mode":"Append","partitionBy":"[]"},"readVersion":9,"isolationLevel":"Serializable","isBlindAppend":true,"operationMetrics":{"numFiles":"2","numOutputRows":"10","numOutputBytes":"1003"},"engineInfo":"Apache-Spark/3.5.0 Delta-Lake/3.0.0-SNAPSHOT","txnId":"b6376238-762c-4644-90ad-6fee36425722"}}
{"add":{"path":"part-00000-cbc535a8-3499-4339-be3f-9df89091871e-c000.snappy.parquet","partitionValues":{},"size":500,"modificationTime":1697654205000,"dataChange":true,"stats":"{\"numRecords\":5,\"minValues\":{\"id\":0},\"maxValues\":{\"id\":4},\"nullCount\":{\"id\":0}}"}}
{"add":{"path":"part-00001-c4cbb8cf-9c18-4bab-bfa7-967faa14e15d-c000.snappy.parquet","partitionValues":{},"size":503,"modificationTime":1697654205000,"dataChange":true,"stats":"{\"numRecords\":5,\"minValues\":{\"id\":5},\"maxValues\":{\"id\":9},\"nullCount\":{\"id\":0}}"}}
