{"commitInfo":{"timestamp":1697588664008,"operation":"WRITE","operationParameters":{"mode":"ErrorIfExists","partitionBy":"[]"},"isolationLevel":"Serializable","isBlindAppend":true,"operationMetrics":{"numFiles":"2","numOutputRows":"100","numOutputBytes":"1454"},"engineInfo":"Apache-Spark/3.5.0 Delta-Lake/3.0.0-SNAPSHOT","txnId":"0a02e21a-7f3f-4945-92c7-5761336283de"}}
{"metaData":{"id":"testId","format":{"provider":"parquet","options":{}},"schemaString":"{\"type\":\"struct\",\"fields\":[{\"name\":\"id\",\"type\":\"long\",\"nullable\":true,\"metadata\":{}}]}","partitionColumns":[],"configuration":{},"createdTime":1697588658132}}
{"protocol":{"minReaderVersion":1,"minWriterVersion":2}}
{"add":{"path":"part-00000-d24c9b15-187d-4542-90ef-7834bfaa4971-c000.snappy.parquet","partitionValues":{},"size":765,"modificationTime":1697588663000,"dataChange":true,"stats":"{\"numRecords\":50,\"minValues\":{\"id\":0},\"maxValues\":{\"id\":49},\"nullCount\":{\"id\":0}}"}}
{"add":{"path":"part-00001-66f56273-e583-4a88-9da6-2c199bdaf665-c000.snappy.parquet","partitionValues":{},"size":689,"modificationTime":1697588663000,"dataChange":true,"stats":"{\"numRecords\":50,\"minValues\":{\"id\":50},\"maxValues\":{\"id\":99},\"nullCount\":{\"id\":0}}"}}
