{"checkpointMetadata":{"version":2}}
{"sidecar":{"path":"00000000000000000002.checkpoint.0000000001.0000000002.bd1885fd-6ec0-4370-b0f5-43b5162fd4de.parquet","sizeInBytes":9367,"modificationTime":1714496115780}}
{"sidecar":{"path":"00000000000000000002.checkpoint.0000000002.0000000002.0a8d73ee-aa83-49d0-9583-c99db75b89b2.parquet","sizeInBytes":9296,"modificationTime":1714496115788}}
{"protocol":{"minReaderVersion":3,"minWriterVersion":7,"readerFeatures":["v2Checkpoint"],"writerFeatures":["v2Checkpoint","appendOnly","invariants"]}}
{"metaData":{"id":"8a390218-e4ee-4341-b6de-4920e27d3f78","format":{"provider":"parquet","options":{}},"schemaString":"{\"type\":\"struct\",\"fields\":[{\"name\":\"id\",\"type\":\"long\",\"nullable\":true,\"metadata\":{}}]}","partitionColumns":[],"configuration":{"delta.checkpointInterval":"2","delta.checkpointPolicy":"v2"},"createdTime":1714496114564}}
