{"commitInfo":{"timestamp":1697495773071,"operation":"Manual Update","operationParameters":{},"readVersion":8,"isolationLevel":"Serializable","isBlindAppend":false,"operationMetrics":{},"engineInfo":"Apache-Spark/3.5.0 Delta-Lake/3.0.0-SNAPSHOT","txnId":"0cc90f90-3545-45ba-81e5-0961eafefd2a"}}
{"remove":{"path":"9","deletionTimestamp":1697495773069,"dataChange":true}}
{"add":{"path":"10","partitionValues":{},"size":1,"modificationTime":1,"dataChange":true}}
