{"commitInfo":{"timestamp":1697495774316,"operation":"Manual Update","operationParameters":{},"readVersion":9,"isolationLevel":"Serializable","isBlindAppend":false,"operationMetrics":{},"engineInfo":"Apache-Spark/3.5.0 Delta-Lake/3.0.0-SNAPSHOT","txnId":"96b50164-56f1-4702-b1c0-31277b9d9b2c"}}
{"remove":{"path":"10","deletionTimestamp":1697495774314,"dataChange":true}}
{"add":{"path":"11","partitionValues":{},"size":1,"modificationTime":1,"dataChange":true}}
