{"commitInfo":{"timestamp":1697495767481,"operation":"Manual Update","operationParameters":{},"readVersion":4,"isolationLevel":"Serializable","isBlindAppend":false,"operationMetrics":{},"engineInfo":"Apache-Spark/3.5.0 Delta-Lake/3.0.0-SNAPSHOT","txnId":"adb99cbe-bf9c-46f8-967d-44092ddff401"}}
{"remove":{"path":"5","deletionTimestamp":1697495767480,"dataChange":true}}
{"add":{"path":"6","partitionValues":{},"size":1,"modificationTime":1,"dataChange":true}}
