{"commitInfo":{"timestamp":1697495780294,"operation":"Manual Update","operationParameters":{},"readVersion":10,"isolationLevel":"Serializable","isBlindAppend":false,"operationMetrics":{},"engineInfo":"Apache-Spark/3.5.0 Delta-Lake/3.0.0-SNAPSHOT","txnId":"55627810-d831-44e0-b2ae-177201b55bc3"}}
{"remove":{"path":"11","deletionTimestamp":1697495779129,"dataChange":true}}
{"add":{"path":"12","partitionValues":{},"size":1,"modificationTime":1,"dataChange":true}}
