{"commitInfo":{"timestamp":1715358358979,"operation":"WRITE","operationParameters":{"mode":"Append","partitionBy":"[]"},"isolationLevel":"Serializable","isBlindAppend":true,"operationMetrics":{"numFiles":"1","numOutputRows":"200","numOutputBytes":"20934"},"engineInfo":"Apache-Spark/3.5.0 Delta-Lake/3.2.0-SNAPSHOT","txnId":"01d57c6f-6073-484f-b832-5cf368644e4b"}}
{"metaData":{"id":"fb723383-fb90-4346-a846-ccdac9a3204b","format":{"provider":"parquet","options":{}},"schemaString":"{\"type\":\"struct\",\"fields\":[{\"name\":\"ByteType\",\"type\":\"byte\",\"nullable\":true,\"metadata\":{}},{\"name\":\"ShortType\",\"type\":\"short\",\"nullable\":true,\"metadata\":{}},{\"name\":\"IntegerType\",\"type\":\"integer\",\"nullable\":true,\"metadata\":{}},{\"name\":\"LongType\",\"type\":\"long\",\"nullable\":true,\"metadata\":{}},{\"name\":\"FloatType\",\"type\":\"float\",\"nullable\":true,\"metadata\":{}},{\"name\":\"DoubleType\",\"type\":\"double\",\"nullable\":true,\"metadata\":{}},{\"name\":\"decimal\",\"type\":\"decimal(10,2)\",\"nullable\":true,\"metadata\":{}},{\"name\":\"BooleanType\",\"type\":\"boolean\",\"nullable\":true,\"metadata\":{}},{\"name\":\"StringType\",\"type\":\"string\",\"nullable\":true,\"metadata\":{}},{\"name\":\"BinaryType\",\"type\":\"binary\",\"nullable\":true,\"metadata\":{}},{\"name\":\"DateType\",\"type\":\"date\",\"nullable\":true,\"metadata\":{}},{\"name\":\"TimestampType\",\"type\":\"timestamp\",\"nullable\":true,\"metadata\":{}},{\"name\":\"TimestampNTZType\",\"type\":\"timestamp_ntz\",\"nullable\":true,\"metadata\":{}},{\"name\":\"nested_struct\",\"type\":{\"type\":\"struct\",\"fields\":[{\"name\":\"aa\",\"type\":\"string\",\"nullable\":true,\"metadata\":{}},{\"name\":\"ac\",\"type\":{\"type\":\"struct\",\"fields\":[{\"name\":\"aca\",\"type\":\"integer\",\"nullable\":true,\"metadata\":{}}]},\"nullable\":true,\"metadata\":{}}]},\"nullable\":true,\"metadata\":{}},{\"name\":\"array_of_prims\",\"type\":{\"type\":\"array\",\"elementType\":\"integer\",\"containsNull\":true},\"nullable\":true,\"metadata\":{}},{\"name\":\"array_of_arrays\",\"type\":{\"type\":\"array\",\"elementType\":{\"type\":\"array\",\"elementType\":\"integer\",\"containsNull\":true},\"containsNull\":true},\"nullable\":true,\"metadata\":{}},{\"name\":\"array_of_structs\",\"type\":{\"type\":\"array\",\"elementType\":{\"type\":\"struct\",\"fields\":[{\"name\":\"ab\",\"type\":\"long\",\"nullable\":true,\"metadata\":{}}]},\"containsNull\":true},\"nullable\":true,\"metadata\":{}},{\"name\":\"map_of_prims\",\"type\":{\"type\":\"map\",\"keyType\":\"integer\",\"valueType\":\"long\",\"valueContainsNull\":true},\"nullable\":true,\"metadata\":{}},{\"name\":\"map_of_rows\",\"type\":{\"type\":\"map\",\"keyType\":\"integer\",\"valueType\":{\"type\":\"struct\",\"fields\":[{\"name\":\"ab\",\"type\":\"long\",\"nullable\":true,\"metadata\":{}}]},\"valueContainsNull\":true},\"nullable\":true,\"metadata\":{}},{\"name\":\"map_of_arrays\",\"type\":{\"type\":\"map\",\"keyType\":\"long\",\"valueType\":{\"type\":\"array\",\"elementType\":\"integer\",\"containsNull\":true},\"valueContainsNull\":true},\"nullable\":true,\"metadata\":{}}]}","partitionColumns":[],"configuration":{},"createdTime":1715358356845}}
{"protocol":{"minReaderVersion":3,"minWriterVersion":7,"readerFeatures":["timestampNtz"],"writerFeatures":["timestampNtz"]}}
{"add":{"path":"part-00000-5afb67f1-094a-4a15-922e-c1eb96683964-c000.snappy.parquet","partitionValues":{},"size":20934,"modificationTime":1715358358904,"dataChange":true,"stats":"{\"numRecords\":200,\"minValues\":{\"ByteType\":-128,\"ShortType\":1,\"IntegerType\":1,\"LongType\":2,\"FloatType\":0.234,\"DoubleType\":234234.23,\"decimal\":123.52,\"StringType\":\"1\",\"DateType\":\"1970-01-01\",\"TimestampType\":\"1970-01-01T06:30:23.523Z\",\"TimestampNTZType\":\"1970-01-03T17:03:54.000\",\"nested_struct\":{\"aa\":\"1\",\"ac\":{\"aca\":1}}},\"maxValues\":{\"ByteType\":127,\"ShortType\":199,\"IntegerType\":199,\"LongType\":200,\"FloatType\":46.566,\"DoubleType\":4.661261177E7,\"decimal\":24580.48,\"StringType\":\"99\",\"DateType\":\"1970-02-16\",\"TimestampType\":\"1970-02-23T22:48:01.077Z\",\"TimestampNTZType\":\"1971-06-24T11:56:06.000\",\"nested_struct\":{\"aa\":\"99\",\"ac\":{\"aca\":199}}},\"nullCount\":{\"ByteType\":3,\"ShortType\":4,\"IntegerType\":9,\"LongType\":8,\"FloatType\":8,\"DoubleType\":4,\"decimal\":3,\"BooleanType\":3,\"StringType\":4,\"BinaryType\":4,\"DateType\":4,\"TimestampType\":4,\"TimestampNTZType\":3,\"nested_struct\":{\"aa\":14,\"ac\":{\"aca\":22}},\"array_of_prims\":200,\"array_of_arrays\":200,\"array_of_structs\":200,\"map_of_prims\":200,\"map_of_rows\":200,\"map_of_arrays\":200}}"}}
