{"commitInfo":{"timestamp":1725839016423,"operation":"WRITE","operationParameters":{"mode":"Append","partitionBy":"[]"},"readVersion":0,"isolationLevel":"Serializable","isBlindAppend":true,"operationMetrics":{"numFiles":"1","numOutputRows":"1","numOutputBytes":"440"},"engineInfo":"Apache-Spark/3.5.2 Delta-Lake/3.2.0","txnId":"94355dc1-e083-4da0-9934-716b093eaf3a"}}
{"add":{"path":"part-00000-b839639e-0620-4d9c-baf8-20206fc2b063-c000.snappy.parquet","partitionValues":{},"size":440,"modificationTime":1725839016378,"dataChange":true,"stats":"{\"numRecords\":1,\"minValues\":{\"c1\":\"a\"},\"maxValues\":{\"c1\":\"a\"},\"nullCount\":{\"c1\":0}}"}}
