{"commitInfo":{"timestamp":1723094980674,"operation":"WRITE","operationParameters":{"mode":"ErrorIfExists","partitionBy":"[]"},"isolationLevel":"Serializable","isBlindAppend":true,"operationMetrics":{"numFiles":"2","numOutputRows":"6","numOutputBytes":"35024"},"engineInfo":"Apache-Spark/3.5.0 Delta-Lake/3.3.0-SNAPSHOT","txnId":"ad640169-85ab-4030-ada7-b70661040863"}}
{"metaData":{"id":"6fb2dbf2-52a9-4632-8952-71c976b4bf77","format":{"provider":"parquet","options":{}},"schemaString":"{\"type\":\"struct\",\"fields\":[{\"name\":\"ByteType\",\"type\":\"byte\",\"nullable\":true,\"metadata\":{\"delta.columnMapping.id\":1,\"delta.columnMapping.physicalName\":\"col-91e8b36f-2559-4aa7-b451-d30f24d5bf28\"}},{\"name\":\"ShortType\",\"type\":\"short\",\"nullable\":true,\"metadata\":{\"delta.columnMapping.id\":2,\"delta.columnMapping.physicalName\":\"col-d1a51f0a-855a-4752-8a35-76f52cda06b9\"}},{\"name\":\"IntegerType\",\"type\":\"integer\",\"nullable\":true,\"metadata\":{\"delta.columnMapping.id\":3,\"delta.columnMapping.physicalName\":\"col-0aa7e907-848d-47b7-9805-e014c0a09d83\"}},{\"name\":\"LongType\",\"type\":\"long\",\"nullable\":true,\"metadata\":{\"delta.columnMapping.id\":4,\"delta.columnMapping.physicalName\":\"col-b55a2771-5f84-432a-9fe4-39e1ec1edfd7\"}},{\"name\":\"FloatType\",\"type\":\"float\",\"nullable\":true,\"metadata\":{\"delta.columnMapping.id\":5,\"delta.columnMapping.physicalName\":\"col-7722f52d-c253-4df9-96f4-a87a1dbef4dd\"}},{\"name\":\"DoubleType\",\"type\":\"double\",\"nullable\":true,\"metadata\":{\"delta.columnMapping.id\":6,\"delta.columnMapping.physicalName\":\"col-1dda278c-a501-4499-a580-f3dff1b79834\"}},{\"name\":\"decimal\",\"type\":\"decimal(10,2)\",\"nullable\":true,\"metadata\":{\"delta.columnMapping.id\":7,\"delta.columnMapping.physicalName\":\"col-30298583-3b87-4b4d-ab7c-f1102050f720\"}},{\"name\":\"BooleanType\",\"type\":\"boolean\",\"nullable\":true,\"metadata\":{\"delta.columnMapping.id\":8,\"delta.columnMapping.physicalName\":\"col-836e8d56-f73a-4203-9c0f-a50476468c2c\"}},{\"name\":\"StringType\",\"type\":\"string\",\"nullable\":true,\"metadata\":{\"delta.columnMapping.id\":9,\"delta.columnMapping.physicalName\":\"col-ca55bcbb-453c-433c-995f-80e0ccc13cde\"}},{\"name\":\"BinaryType\",\"type\":\"binary\",\"nullable\":true,\"metadata\":{\"delta.columnMapping.id\":10,\"delta.columnMapping.physicalName\":\"col-da9f099c-f6bc-459c-a740-b02f658221e2\"}},{\"name\":\"DateType\",\"type\":\"date\",\"nullable\":true,\"metadata\":{\"delta.columnMapping.id\":11,\"delta.columnMapping.physicalName\":\"col-7139e00c-abc4-4434-893d-1cf11d2b68bf\"}},{\"name\":\"TimestampType\",\"type\":\"timestamp\",\"nullable\":true,\"metadata\":{\"delta.columnMapping.id\":12,\"delta.columnMapping.physicalName\":\"col-292ce280-d844-4477-b078-87a64a6972d2\"}},{\"name\":\"nested_struct\",\"type\":{\"type\":\"struct\",\"fields\":[{\"name\":\"aa\",\"type\":\"string\",\"nullable\":true,\"metadata\":{\"delta.columnMapping.id\":14,\"delta.columnMapping.physicalName\":\"col-b47b5204-0100-46bc-92df-aa446f634191\"}},{\"name\":\"ac\",\"type\":{\"type\":\"struct\",\"fields\":[{\"name\":\"aca\",\"type\":\"integer\",\"nullable\":true,\"metadata\":{\"delta.columnMapping.id\":16,\"delta.columnMapping.physicalName\":\"col-75cd857b-0152-438b-a0b3-43db0d4daa55\"}}]},\"nullable\":true,\"metadata\":{\"delta.columnMapping.id\":15,\"delta.columnMapping.physicalName\":\"col-94e598c8-0480-4710-a288-fc332ed449de\"}}]},\"nullable\":true,\"metadata\":{\"delta.columnMapping.id\":13,\"delta.columnMapping.physicalName\":\"col-ee8dc621-b36b-4784-bdb5-26c5c364e254\"}},{\"name\":\"array_of_prims\",\"type\":{\"type\":\"array\",\"elementType\":\"integer\",\"containsNull\":true},\"nullable\":true,\"metadata\":{\"delta.columnMapping.id\":17,\"delta.columnMapping.physicalName\":\"col-720537b9-44e0-4829-a189-f3742da4f095\"}},{\"name\":\"array_of_arrays\",\"type\":{\"type\":\"array\",\"elementType\":{\"type\":\"array\",\"elementType\":\"integer\",\"containsNull\":true},\"containsNull\":true},\"nullable\":true,\"metadata\":{\"delta.columnMapping.id\":18,\"delta.columnMapping.physicalName\":\"col-9f8d855c-cc39-426c-b579-f1b85b1b6991\"}},{\"name\":\"array_of_map_of_arrays\",\"type\":{\"type\":\"array\",\"elementType\":{\"type\":\"map\",\"keyType\":\"integer\",\"valueType\":{\"type\":\"array\",\"elementType\":\"integer\",\"containsNull\":true},\"valueContainsNull\":true},\"containsNull\":true},\"nullable\":true,\"metadata\":{\"delta.columnMapping.id\":19,\"delta.columnMapping.physicalName\":\"col-37f1b990-e228-4046-b98e-23934eb972b0\"}},{\"name\":\"array_of_structs\",\"type\":{\"type\":\"array\",\"elementType\":{\"type\":\"struct\",\"fields\":[{\"name\":\"ab\",\"type\":\"integer\",\"nullable\":true,\"metadata\":{\"delta.columnMapping.id\":21,\"delta.columnMapping.physicalName\":\"col-87e5a113-d6ee-40d5-b647-fadedfb84adb\"}}]},\"containsNull\":true},\"nullable\":true,\"metadata\":{\"delta.columnMapping.id\":20,\"delta.columnMapping.physicalName\":\"col-11bac662-f43a-44e3-b419-17b2ee3ee612\"}},{\"name\":\"struct_of_arrays_maps_of_structs\",\"type\":{\"type\":\"struct\",\"fields\":[{\"name\":\"aa\",\"type\":{\"type\":\"array\",\"elementType\":\"integer\",\"containsNull\":true},\"nullable\":true,\"metadata\":{\"delta.columnMapping.id\":23,\"delta.columnMapping.physicalName\":\"col-c4278c59-01d8-4f81-be2e-9d3ead4ddc9e\"}},{\"name\":\"ab\",\"type\":{\"type\":\"map\",\"keyType\":{\"type\":\"array\",\"elementType\":\"integer\",\"containsNull\":true},\"valueType\":{\"type\":\"struct\",\"fields\":[{\"name\":\"aca\",\"type\":\"integer\",\"nullable\":true,\"metadata\":{\"delta.columnMapping.id\":25,\"delta.columnMapping.physicalName\":\"col-56a3728f-7e4b-4c2f-ac2d-98f9c3d8031e\"}}]},\"valueContainsNull\":true},\"nullable\":true,\"metadata\":{\"delta.columnMapping.id\":24,\"delta.columnMapping.physicalName\":\"col-10aa4b27-4657-4ee4-a43a-ecf2f8fbb4d3\"}}]},\"nullable\":true,\"metadata\":{\"delta.columnMapping.id\":22,\"delta.columnMapping.physicalName\":\"col-dbc4c186-5c6b-4309-82a2-fce1be10512f\"}},{\"name\":\"map_of_prims\",\"type\":{\"type\":\"map\",\"keyType\":\"integer\",\"valueType\":\"long\",\"valueContainsNull\":true},\"nullable\":true,\"metadata\":{\"delta.columnMapping.id\":26,\"delta.columnMapping.physicalName\":\"col-ee9a73a7-e466-49ee-9a1f-69d01b60b88e\"}},{\"name\":\"map_of_rows\",\"type\":{\"type\":\"map\",\"keyType\":\"integer\",\"valueType\":{\"type\":\"struct\",\"fields\":[{\"name\":\"ab\",\"type\":\"long\",\"nullable\":true,\"metadata\":{\"delta.columnMapping.id\":28,\"delta.columnMapping.physicalName\":\"col-7643d991-48d1-4d3d-a737-46be59e9b200\"}}]},\"valueContainsNull\":true},\"nullable\":true,\"metadata\":{\"delta.columnMapping.id\":27,\"delta.columnMapping.physicalName\":\"col-9697fd7e-5f66-43c0-9fee-3cf2bc9c2d4b\"}},{\"name\":\"map_of_arrays\",\"type\":{\"type\":\"map\",\"keyType\":\"long\",\"valueType\":{\"type\":\"array\",\"elementType\":\"integer\",\"containsNull\":true},\"valueContainsNull\":true},\"nullable\":true,\"metadata\":{\"delta.columnMapping.id\":29,\"delta.columnMapping.physicalName\":\"col-e146f9dd-9ce2-4dbb-8a91-54a393bab453\"}},{\"name\":\"map_of_maps\",\"type\":{\"type\":\"map\",\"keyType\":\"long\",\"valueType\":{\"type\":\"map\",\"keyType\":\"integer\",\"valueType\":\"integer\",\"valueContainsNull\":true},\"valueContainsNull\":true},\"nullable\":true,\"metadata\":{\"delta.columnMapping.id\":30,\"delta.columnMapping.physicalName\":\"col-a6fcf96f-53a6-4a16-9df1-59eb1f6e06bf\"}}]}","partitionColumns":[],"configuration":{"delta.columnMapping.mode":"id","delta.columnMapping.maxColumnId":"30"},"createdTime":1723094978338}}
{"protocol":{"minReaderVersion":2,"minWriterVersion":5}}
{"add":{"path":"part-00000-37fc7686-b5a9-432d-8cdc-8caa8cf999e5-c000.snappy.parquet","partitionValues":{},"size":17281,"modificationTime":1723094980594,"dataChange":true,"stats":"{\"numRecords\":2,\"minValues\":{\"col-91e8b36f-2559-4aa7-b451-d30f24d5bf28\":0,\"col-d1a51f0a-855a-4752-8a35-76f52cda06b9\":0,\"col-0aa7e907-848d-47b7-9805-e014c0a09d83\":0,\"col-b55a2771-5f84-432a-9fe4-39e1ec1edfd7\":0,\"col-7722f52d-c253-4df9-96f4-a87a1dbef4dd\":0.0,\"col-1dda278c-a501-4499-a580-f3dff1b79834\":0.0,\"col-30298583-3b87-4b4d-ab7c-f1102050f720\":0.00,\"col-ca55bcbb-453c-433c-995f-80e0ccc13cde\":\"0\",\"col-7139e00c-abc4-4434-893d-1cf11d2b68bf\":\"2021-11-18\",\"col-292ce280-d844-4477-b078-87a64a6972d2\":\"1970-01-01T00:00:00.000Z\",\"col-ee8dc621-b36b-4784-bdb5-26c5c364e254\":{\"col-b47b5204-0100-46bc-92df-aa446f634191\":\"0\",\"col-94e598c8-0480-4710-a288-fc332ed449de\":{\"col-75cd857b-0152-438b-a0b3-43db0d4daa55\":0}}},\"maxValues\":{\"col-91e8b36f-2559-4aa7-b451-d30f24d5bf28\":4,\"col-d1a51f0a-855a-4752-8a35-76f52cda06b9\":4,\"col-0aa7e907-848d-47b7-9805-e014c0a09d83\":4,\"col-b55a2771-5f84-432a-9fe4-39e1ec1edfd7\":4,\"col-7722f52d-c253-4df9-96f4-a87a1dbef4dd\":4.0,\"col-1dda278c-a501-4499-a580-f3dff1b79834\":4.0,\"col-30298583-3b87-4b4d-ab7c-f1102050f720\":4.00,\"col-ca55bcbb-453c-433c-995f-80e0ccc13cde\":\"4\",\"col-7139e00c-abc4-4434-893d-1cf11d2b68bf\":\"2021-11-18\",\"col-292ce280-d844-4477-b078-87a64a6972d2\":\"1970-01-01T00:00:00.004Z\",\"col-ee8dc621-b36b-4784-bdb5-26c5c364e254\":{\"col-b47b5204-0100-46bc-92df-aa446f634191\":\"4\",\"col-94e598c8-0480-4710-a288-fc332ed449de\":{\"col-75cd857b-0152-438b-a0b3-43db0d4daa55\":4}}},\"nullCount\":{\"col-91e8b36f-2559-4aa7-b451-d30f24d5bf28\":0,\"col-d1a51f0a-855a-4752-8a35-76f52cda06b9\":0,\"col-0aa7e907-848d-47b7-9805-e014c0a09d83\":0,\"col-b55a2771-5f84-432a-9fe4-39e1ec1edfd7\":0,\"col-7722f52d-c253-4df9-96f4-a87a1dbef4dd\":0,\"col-1dda278c-a501-4499-a580-f3dff1b79834\":0,\"col-30298583-3b87-4b4d-ab7c-f1102050f720\":0,\"col-836e8d56-f73a-4203-9c0f-a50476468c2c\":0,\"col-ca55bcbb-453c-433c-995f-80e0ccc13cde\":0,\"col-da9f099c-f6bc-459c-a740-b02f658221e2\":0,\"col-7139e00c-abc4-4434-893d-1cf11d2b68bf\":0,\"col-292ce280-d844-4477-b078-87a64a6972d2\":0,\"col-ee8dc621-b36b-4784-bdb5-26c5c364e254\":{\"col-b47b5204-0100-46bc-92df-aa446f634191\":0,\"col-94e598c8-0480-4710-a288-fc332ed449de\":{\"col-75cd857b-0152-438b-a0b3-43db0d4daa55\":0}},\"col-720537b9-44e0-4829-a189-f3742da4f095\":0,\"col-9f8d855c-cc39-426c-b579-f1b85b1b6991\":0,\"col-37f1b990-e228-4046-b98e-23934eb972b0\":0,\"col-11bac662-f43a-44e3-b419-17b2ee3ee612\":0,\"col-dbc4c186-5c6b-4309-82a2-fce1be10512f\":{\"col-c4278c59-01d8-4f81-be2e-9d3ead4ddc9e\":0,\"col-10aa4b27-4657-4ee4-a43a-ecf2f8fbb4d3\":0},\"col-ee9a73a7-e466-49ee-9a1f-69d01b60b88e\":0,\"col-9697fd7e-5f66-43c0-9fee-3cf2bc9c2d4b\":0,\"col-e146f9dd-9ce2-4dbb-8a91-54a393bab453\":0,\"col-a6fcf96f-53a6-4a16-9df1-59eb1f6e06bf\":0}}"}}
{"add":{"path":"part-00001-0321adc4-f601-4c9d-bb7c-a0ddf759c7b2-c000.snappy.parquet","partitionValues":{},"size":17743,"modificationTime":1723094980594,"dataChange":true,"stats":"{\"numRecords\":4,\"minValues\":{\"col-91e8b36f-2559-4aa7-b451-d30f24d5bf28\":1,\"col-d1a51f0a-855a-4752-8a35-76f52cda06b9\":1,\"col-0aa7e907-848d-47b7-9805-e014c0a09d83\":1,\"col-b55a2771-5f84-432a-9fe4-39e1ec1edfd7\":1,\"col-7722f52d-c253-4df9-96f4-a87a1dbef4dd\":1.0,\"col-1dda278c-a501-4499-a580-f3dff1b79834\":1.0,\"col-30298583-3b87-4b4d-ab7c-f1102050f720\":1.00,\"col-ca55bcbb-453c-433c-995f-80e0ccc13cde\":\"1\",\"col-7139e00c-abc4-4434-893d-1cf11d2b68bf\":\"2021-11-18\",\"col-292ce280-d844-4477-b078-87a64a6972d2\":\"1970-01-01T00:00:00.001Z\",\"col-ee8dc621-b36b-4784-bdb5-26c5c364e254\":{\"col-b47b5204-0100-46bc-92df-aa446f634191\":\"1\",\"col-94e598c8-0480-4710-a288-fc332ed449de\":{\"col-75cd857b-0152-438b-a0b3-43db0d4daa55\":1}}},\"maxValues\":{\"col-91e8b36f-2559-4aa7-b451-d30f24d5bf28\":3,\"col-d1a51f0a-855a-4752-8a35-76f52cda06b9\":3,\"col-0aa7e907-848d-47b7-9805-e014c0a09d83\":3,\"col-b55a2771-5f84-432a-9fe4-39e1ec1edfd7\":3,\"col-7722f52d-c253-4df9-96f4-a87a1dbef4dd\":3.0,\"col-1dda278c-a501-4499-a580-f3dff1b79834\":3.0,\"col-30298583-3b87-4b4d-ab7c-f1102050f720\":3.00,\"col-ca55bcbb-453c-433c-995f-80e0ccc13cde\":\"3\",\"col-7139e00c-abc4-4434-893d-1cf11d2b68bf\":\"2021-11-18\",\"col-292ce280-d844-4477-b078-87a64a6972d2\":\"1970-01-01T00:00:00.003Z\",\"col-ee8dc621-b36b-4784-bdb5-26c5c364e254\":{\"col-b47b5204-0100-46bc-92df-aa446f634191\":\"3\",\"col-94e598c8-0480-4710-a288-fc332ed449de\":{\"col-75cd857b-0152-438b-a0b3-43db0d4daa55\":3}}},\"nullCount\":{\"col-91e8b36f-2559-4aa7-b451-d30f24d5bf28\":1,\"col-d1a51f0a-855a-4752-8a35-76f52cda06b9\":1,\"col-0aa7e907-848d-47b7-9805-e014c0a09d83\":1,\"col-b55a2771-5f84-432a-9fe4-39e1ec1edfd7\":1,\"col-7722f52d-c253-4df9-96f4-a87a1dbef4dd\":1,\"col-1dda278c-a501-4499-a580-f3dff1b79834\":1,\"col-30298583-3b87-4b4d-ab7c-f1102050f720\":1,\"col-836e8d56-f73a-4203-9c0f-a50476468c2c\":1,\"col-ca55bcbb-453c-433c-995f-80e0ccc13cde\":1,\"col-da9f099c-f6bc-459c-a740-b02f658221e2\":1,\"col-7139e00c-abc4-4434-893d-1cf11d2b68bf\":1,\"col-292ce280-d844-4477-b078-87a64a6972d2\":1,\"col-ee8dc621-b36b-4784-bdb5-26c5c364e254\":{\"col-b47b5204-0100-46bc-92df-aa446f634191\":1,\"col-94e598c8-0480-4710-a288-fc332ed449de\":{\"col-75cd857b-0152-438b-a0b3-43db0d4daa55\":1}},\"col-720537b9-44e0-4829-a189-f3742da4f095\":1,\"col-9f8d855c-cc39-426c-b579-f1b85b1b6991\":1,\"col-37f1b990-e228-4046-b98e-23934eb972b0\":1,\"col-11bac662-f43a-44e3-b419-17b2ee3ee612\":1,\"col-dbc4c186-5c6b-4309-82a2-fce1be10512f\":{\"col-c4278c59-01d8-4f81-be2e-9d3ead4ddc9e\":1,\"col-10aa4b27-4657-4ee4-a43a-ecf2f8fbb4d3\":1},\"col-ee9a73a7-e466-49ee-9a1f-69d01b60b88e\":1,\"col-9697fd7e-5f66-43c0-9fee-3cf2bc9c2d4b\":1,\"col-e146f9dd-9ce2-4dbb-8a91-54a393bab453\":1,\"col-a6fcf96f-53a6-4a16-9df1-59eb1f6e06bf\":1}}"}}
