{"commitInfo":{"timestamp":1727103103721,"operation":"WRITE","operationParameters":{"mode":"Append","statsOnLoad":false,"partitionBy":"[]"},"readVersion":0,"isolationLevel":"WriteSerializable","isBlindAppend":true,"operationMetrics":{"numFiles":"1","numOutputRows":"3","numOutputBytes":"710"},"tags":{"noRowsCopied":"true","restoresDeletedRows":"false"},"engineInfo":"Databricks-Runtime/<unknown>","txnId":"387f5bf0-a194-4817-8bc8-9f933aa5d395"}}
{"add":{"path":"test%25file%25prefix-part-00000-baefcf91-5c61-4964-a42e-958aed50f989-c000.snappy.parquet","partitionValues":{},"size":710,"modificationTime":1727103103361,"dataChange":true,"stats":"{\"numRecords\":3,\"minValues\":{\"c1\":\"a\",\"c2\":\"1\"},\"maxValues\":{\"c1\":\"c\",\"c2\":\"3\"},\"nullCount\":{\"c1\":0,\"c2\":0},\"tightBounds\":true,\"statsWithCollation\":{\"icu.UNICODE_CI.153.120.0.0\":{\"minValues\":{\"c1\":\"a\"},\"maxValues\":{\"c1\":\"c\"}}}}","tags":{"INSERTION_TIME":"1727103103361000","MIN_INSERTION_TIME":"1727103103361000","MAX_INSERTION_TIME":"1727103103361000","OPTIMIZE_TARGET_SIZE":"268435456"}}}
