{"commitInfo":{"timestamp":1704847197221,"operation":"WRITE","operationParameters":{"mode":"Append","partitionBy":"[]"},"isolationLevel":"Serializable","isBlindAppend":true,"operationMetrics":{"numFiles":"2","numOutputRows":"1","numOutputBytes":"3865"},"engineInfo":"Apache-Spark/3.5.0 Delta-Lake/3.1.0-SNAPSHOT","txnId":"101278f9-eaad-4623-9341-e7a0441e6f56"}}
{"metaData":{"id":"testId","format":{"provider":"parquet","options":{}},"schemaString":"{\"type\":\"struct\",\"fields\":[{\"name\":\"as_int\",\"type\":\"integer\",\"nullable\":true,\"metadata\":{}},{\"name\":\"as_long\",\"type\":\"long\",\"nullable\":true,\"metadata\":{}},{\"name\":\"as_byte\",\"type\":\"byte\",\"nullable\":true,\"metadata\":{}},{\"name\":\"as_short\",\"type\":\"short\",\"nullable\":true,\"metadata\":{}},{\"name\":\"as_float\",\"type\":\"float\",\"nullable\":true,\"metadata\":{}},{\"name\":\"as_double\",\"type\":\"double\",\"nullable\":true,\"metadata\":{}},{\"name\":\"as_string\",\"type\":\"string\",\"nullable\":true,\"metadata\":{}},{\"name\":\"as_date\",\"type\":\"date\",\"nullable\":true,\"metadata\":{}},{\"name\":\"as_timestamp\",\"type\":\"timestamp\",\"nullable\":true,\"metadata\":{}},{\"name\":\"as_big_decimal\",\"type\":\"decimal(1,0)\",\"nullable\":true,\"metadata\":{}}]}","partitionColumns":[],"configuration":{"delta.checkpointInterval":"1"},"createdTime":1704847196699}}
{"protocol":{"minReaderVersion":1,"minWriterVersion":2}}
{"add":{"path":"part-00001-ed0f17f3-dab5-4131-8ff8-5a5f4399d0ef-c000.snappy.parquet","partitionValues":{},"size":2738,"modificationTime":1704847197000,"dataChange":true,"stats":"{\"numRecords\":1,\"minValues\":{\"as_int\":0,\"as_long\":0,\"as_byte\":0,\"as_short\":0,\"as_float\":0.0,\"as_double\":0.0,\"as_string\":\"0\",\"as_date\":\"2000-01-01\",\"as_timestamp\":\"2000-01-01T00:00:00.000-08:00\",\"as_big_decimal\":0},\"maxValues\":{\"as_int\":0,\"as_long\":0,\"as_byte\":0,\"as_short\":0,\"as_float\":0.0,\"as_double\":0.0,\"as_string\":\"0\",\"as_date\":\"2000-01-01\",\"as_timestamp\":\"2000-01-01T00:00:00.000-08:00\",\"as_big_decimal\":0},\"nullCount\":{\"as_int\":0,\"as_long\":0,\"as_byte\":0,\"as_short\":0,\"as_float\":0,\"as_double\":0,\"as_string\":0,\"as_date\":0,\"as_timestamp\":0,\"as_big_decimal\":0}}"}}
