{"commitInfo":{"timestamp":1704847194834,"operation":"WRITE","operationParameters":{"mode":"Append","partitionBy":"[]"},"isolationLevel":"Serializable","isBlindAppend":true,"operationMetrics":{"numFiles":"2","numOutputRows":"1","numOutputBytes":"7974"},"engineInfo":"Apache-Spark/3.5.0 Delta-Lake/3.1.0-SNAPSHOT","txnId":"6ee73132-d762-4f51-92f2-b21dd90d75be"}}
{"metaData":{"id":"testId","format":{"provider":"parquet","options":{}},"schemaString":"{\"type\":\"struct\",\"fields\":[{\"name\":\"as_int\",\"type\":\"integer\",\"nullable\":true,\"metadata\":{\"delta.columnMapping.id\":1,\"delta.columnMapping.physicalName\":\"col-57160bcb-7e76-4076-bfcf-bd8f51835098\"}},{\"name\":\"as_long\",\"type\":\"long\",\"nullable\":true,\"metadata\":{\"delta.columnMapping.id\":2,\"delta.columnMapping.physicalName\":\"col-176e8b51-c3b4-411a-b4ba-7e9e47683d42\"}},{\"name\":\"as_byte\",\"type\":\"byte\",\"nullable\":true,\"metadata\":{\"delta.columnMapping.id\":3,\"delta.columnMapping.physicalName\":\"col-dc5127f8-f533-44b2-b17b-c50e16f7d83f\"}},{\"name\":\"as_short\",\"type\":\"short\",\"nullable\":true,\"metadata\":{\"delta.columnMapping.id\":4,\"delta.columnMapping.physicalName\":\"col-79b0e87b-98d5-443a-86e4-1ae4a81bba3d\"}},{\"name\":\"as_float\",\"type\":\"float\",\"nullable\":true,\"metadata\":{\"delta.columnMapping.id\":5,\"delta.columnMapping.physicalName\":\"col-2cfa4761-5937-41fb-a388-d60cdfb38987\"}},{\"name\":\"as_double\",\"type\":\"double\",\"nullable\":true,\"metadata\":{\"delta.columnMapping.id\":6,\"delta.columnMapping.physicalName\":\"col-7a5ff7b6-b289-4935-8939-01cdd5f1d011\"}},{\"name\":\"as_string\",\"type\":\"string\",\"nullable\":true,\"metadata\":{\"delta.columnMapping.id\":7,\"delta.columnMapping.physicalName\":\"col-c1358712-7cd8-4069-b0d0-c8f32297fbc9\"}},{\"name\":\"as_date\",\"type\":\"date\",\"nullable\":true,\"metadata\":{\"delta.columnMapping.id\":8,\"delta.columnMapping.physicalName\":\"col-01ea1e58-bb43-4b64-afbf-7b9b1a08b232\"}},{\"name\":\"as_timestamp\",\"type\":\"timestamp\",\"nullable\":true,\"metadata\":{\"delta.columnMapping.id\":9,\"delta.columnMapping.physicalName\":\"col-b396c7aa-feb5-451a-a7ce-9123986b7723\"}},{\"name\":\"as_big_decimal\",\"type\":\"decimal(1,0)\",\"nullable\":true,\"metadata\":{\"delta.columnMapping.id\":10,\"delta.columnMapping.physicalName\":\"col-e1cb6194-e2f7-4014-adb6-1821881014dc\"}}]}","partitionColumns":[],"configuration":{"delta.columnMapping.mode":"id","delta.columnMapping.maxColumnId":"10"},"createdTime":1704847193977}}
{"protocol":{"minReaderVersion":2,"minWriterVersion":5}}
{"add":{"path":"part-00001-4596bea2-786f-404e-bc15-5adc99f00e30-c000.snappy.parquet","partitionValues":{},"size":4949,"modificationTime":1704847194000,"dataChange":true,"stats":"{\"numRecords\":1,\"minValues\":{\"col-57160bcb-7e76-4076-bfcf-bd8f51835098\":0,\"col-176e8b51-c3b4-411a-b4ba-7e9e47683d42\":0,\"col-dc5127f8-f533-44b2-b17b-c50e16f7d83f\":0,\"col-79b0e87b-98d5-443a-86e4-1ae4a81bba3d\":0,\"col-2cfa4761-5937-41fb-a388-d60cdfb38987\":0.0,\"col-7a5ff7b6-b289-4935-8939-01cdd5f1d011\":0.0,\"col-c1358712-7cd8-4069-b0d0-c8f32297fbc9\":\"0\",\"col-01ea1e58-bb43-4b64-afbf-7b9b1a08b232\":\"2000-01-01\",\"col-b396c7aa-feb5-451a-a7ce-9123986b7723\":\"2000-01-01T00:00:00.000-08:00\",\"col-e1cb6194-e2f7-4014-adb6-1821881014dc\":0},\"maxValues\":{\"col-57160bcb-7e76-4076-bfcf-bd8f51835098\":0,\"col-176e8b51-c3b4-411a-b4ba-7e9e47683d42\":0,\"col-dc5127f8-f533-44b2-b17b-c50e16f7d83f\":0,\"col-79b0e87b-98d5-443a-86e4-1ae4a81bba3d\":0,\"col-2cfa4761-5937-41fb-a388-d60cdfb38987\":0.0,\"col-7a5ff7b6-b289-4935-8939-01cdd5f1d011\":0.0,\"col-c1358712-7cd8-4069-b0d0-c8f32297fbc9\":\"0\",\"col-01ea1e58-bb43-4b64-afbf-7b9b1a08b232\":\"2000-01-01\",\"col-b396c7aa-feb5-451a-a7ce-9123986b7723\":\"2000-01-01T00:00:00.000-08:00\",\"col-e1cb6194-e2f7-4014-adb6-1821881014dc\":0},\"nullCount\":{\"col-57160bcb-7e76-4076-bfcf-bd8f51835098\":0,\"col-176e8b51-c3b4-411a-b4ba-7e9e47683d42\":0,\"col-dc5127f8-f533-44b2-b17b-c50e16f7d83f\":0,\"col-79b0e87b-98d5-443a-86e4-1ae4a81bba3d\":0,\"col-2cfa4761-5937-41fb-a388-d60cdfb38987\":0,\"col-7a5ff7b6-b289-4935-8939-01cdd5f1d011\":0,\"col-c1358712-7cd8-4069-b0d0-c8f32297fbc9\":0,\"col-01ea1e58-bb43-4b64-afbf-7b9b1a08b232\":0,\"col-b396c7aa-feb5-451a-a7ce-9123986b7723\":0,\"col-e1cb6194-e2f7-4014-adb6-1821881014dc\":0}}"}}
