{"commitInfo":{"timestamp":1712333993464,"operation":"CREATE TABLE","operationParameters":{"partitionBy":"[\"tsNtzPartition\"]","clusterBy":"[]","description":null,"isManaged":"false","properties":"{\"delta.columnMapping.mode\":\"id\",\"delta.columnMapping.maxColumnId\":\"3\"}"},"isolationLevel":"Serializable","isBlindAppend":true,"operationMetrics":{},"engineInfo":"Apache-Spark/3.5.0 Delta-Lake/3.2.0-SNAPSHOT","txnId":"1b8ef756-4197-4263-b9a2-4da05afa76af"}}
{"metaData":{"id":"testId","format":{"provider":"parquet","options":{}},"schemaString":"{\"type\":\"struct\",\"fields\":[{\"name\":\"id\",\"type\":\"integer\",\"nullable\":true,\"metadata\":{\"delta.columnMapping.id\":1,\"delta.columnMapping.physicalName\":\"col-10623d2b-e242-4e70-bda5-826469ad0d2a\"}},{\"name\":\"tsNtz\",\"type\":\"timestamp_ntz\",\"nullable\":true,\"metadata\":{\"delta.columnMapping.id\":2,\"delta.columnMapping.physicalName\":\"col-3095b00d-efaa-493e-b85d-8db894dffffc\"}},{\"name\":\"tsNtzPartition\",\"type\":\"timestamp_ntz\",\"nullable\":true,\"metadata\":{\"delta.columnMapping.id\":3,\"delta.columnMapping.physicalName\":\"col-31f31113-4fc7-437c-b8e8-b7bca8a2f698\"}}]}","partitionColumns":["tsNtzPartition"],"configuration":{"delta.columnMapping.mode":"id","delta.columnMapping.maxColumnId":"3"},"createdTime":1712333993412}}
{"protocol":{"minReaderVersion":3,"minWriterVersion":7,"readerFeatures":["timestampNtz","columnMapping"],"writerFeatures":["timestampNtz","columnMapping"]}}
